2026-07-27 16:55:05,523 | INFO | Multi-Mode Keycap Vision Inspection System | 20260727_165505_522_traditional | Multi-Mode Keycap Vision Inspection System系统启动成功！
2026-07-27 16:57:06,006 | INFO | Multi-Mode Keycap Vision Inspection System | 20260727_165706_003_traditional | Multi-Mode Keycap Vision Inspection System系统启动成功！
2026-07-27 16:57:56,399 | INFO | Multi-Mode Keycap Vision Inspection System | 20260727_165756_396_traditional | Multi-Mode Keycap Vision Inspection System系统启动成功！
2026-07-27 16:58:12,418 | INFO | Multi-Mode Keycap Vision Inspection System | 20260727_165812_415_traditional | Multi-Mode Keycap Vision Inspection System系统启动成功！
2026-07-27 16:58:37,654 | INFO | Multi-Mode Keycap Vision Inspection System | 20260727_165837_652_traditional | Multi-Mode Keycap Vision Inspection System系统启动成功！
2026-07-27 17:00:35,068 | INFO | Multi-Mode Keycap Vision Inspection System | 20260727_170035_066_traditional | Multi-Mode Keycap Vision Inspection System系统启动成功！
2026-07-27 17:00:35,659 | INFO | Multi-Mode Keycap Vision Inspection System | 20260727_170035_657_traditional | Multi-Mode Keycap Vision Inspection System系统启动成功！
2026-07-27 17:51:11,940 | INFO | Multi-Mode Keycap Vision Inspection System | 20260727_175111_939_traditional | 配置加载成功，系统日志初始化完毕
2026-07-27 17:53:27,983 | INFO | Multi-Mode Keycap Vision Inspection System | 20260727_175327_982_traditional | 配置加载成功，系统日志初始化完毕
2026-07-27 18:13:16,708 | INFO | Multi-Mode Keycap Vision Inspection System | 20260727_181316_706_traditional | 配置加载成功，系统日志初始化完毕
2026-07-27 18:13:16,708 | INFO | Multi-Mode Keycap Vision Inspection System | 20260727_181316_706_traditional | app_version：1.0.0
2026-07-27 18:13:16,708 | INFO | Multi-Mode Keycap Vision Inspection System | 20260727_181316_706_traditional | active_mode：traditional
2026-07-27 18:13:16,709 | INFO | Multi-Mode Keycap Vision Inspection System | 20260727_181316_706_traditional | run_id：20260727_181316_706_traditional
2026-07-27 18:13:16,709 | INFO | Multi-Mode Keycap Vision Inspection System | 20260727_181316_706_traditional | output_dir：outputs
2026-07-27 18:13:16,709 | INFO | Multi-Mode Keycap Vision Inspection System | 20260727_181316_706_traditional | report_dir：reports
2026-07-27 18:13:50,294 | INFO | Multi-Mode Keycap Vision Inspection System | 20260727_181350_290_traditional | 配置加载成功，系统日志初始化完毕
2026-07-27 18:13:50,294 | INFO | Multi-Mode Keycap Vision Inspection System | 20260727_181350_290_traditional | app_version：1.0.0
2026-07-27 18:13:50,294 | INFO | Multi-Mode Keycap Vision Inspection System | 20260727_181350_290_traditional | active_mode：traditional
2026-07-27 18:13:50,294 | INFO | Multi-Mode Keycap Vision Inspection System | 20260727_181350_290_traditional | run_id：20260727_181350_290_traditional
2026-07-27 18:13:50,295 | INFO | Multi-Mode Keycap Vision Inspection System | 20260727_181350_290_traditional | output_dir：outputs
2026-07-27 18:13:50,295 | INFO | Multi-Mode Keycap Vision Inspection System | 20260727_181350_290_traditional | report_dir：reports
2026-07-27 18:25:05,350 | INFO | Multi-Mode Keycap Vision Inspection System | 20260727_182505_349_traditional | 配置加载成功，系统日志初始化完毕
2026-07-27 18:25:05,350 | INFO | Multi-Mode Keycap Vision Inspection System | 20260727_182505_349_traditional | app_version：1.0.0
2026-07-27 18:25:05,350 | INFO | Multi-Mode Keycap Vision Inspection System | 20260727_182505_349_traditional | active_mode：traditional
2026-07-27 18:25:05,350 | INFO | Multi-Mode Keycap Vision Inspection System | 20260727_182505_349_traditional | run_id：20260727_182505_349_traditional
2026-07-27 18:25:05,350 | INFO | Multi-Mode Keycap Vision Inspection System | 20260727_182505_349_traditional | output_dir：C:\Users\Jie\Projects\industrial-vision-30days\week04-industrial-project\outputs\20260727_182505_349_traditional
2026-07-27 18:25:05,350 | INFO | Multi-Mode Keycap Vision Inspection System | 20260727_182505_349_traditional | report_dir：C:\Users\Jie\Projects\industrial-vision-30days\week04-industrial-project\reports\20260727_182505_349_traditional
2026-07-27 18:25:33,794 | INFO | Multi-Mode Keycap Vision Inspection System | 20260727_182533_790_traditional | 配置加载成功，系统日志初始化完毕
2026-07-27 18:25:33,794 | INFO | Multi-Mode Keycap Vision Inspection System | 20260727_182533_790_traditional | app_version：1.0.0
2026-07-27 18:25:33,794 | INFO | Multi-Mode Keycap Vision Inspection System | 20260727_182533_790_traditional | active_mode：traditional
2026-07-27 18:25:33,794 | INFO | Multi-Mode Keycap Vision Inspection System | 20260727_182533_790_traditional | run_id：20260727_182533_790_traditional
2026-07-27 18:25:33,794 | INFO | Multi-Mode Keycap Vision Inspection System | 20260727_182533_790_traditional | output_dir：C:\Users\Jie\Projects\industrial-vision-30days\week04-industrial-project\outputs\20260727_182533_790_traditional
2026-07-27 18:25:33,794 | INFO | Multi-Mode Keycap Vision Inspection System | 20260727_182533_790_traditional | report_dir：C:\Users\Jie\Projects\industrial-vision-30days\week04-industrial-project\reports\20260727_182533_790_traditional
2026-07-27 18:28:17,931 | INFO | Multi-Mode Keycap Vision Inspection System | 20260727_182817_928_traditional | 配置加载成功，系统日志初始化完毕
2026-07-27 18:28:17,931 | INFO | Multi-Mode Keycap Vision Inspection System | 20260727_182817_928_traditional | app_version：1.0.0
2026-07-27 18:28:17,931 | INFO | Multi-Mode Keycap Vision Inspection System | 20260727_182817_928_traditional | active_mode：traditional
2026-07-27 18:28:17,932 | INFO | Multi-Mode Keycap Vision Inspection System | 20260727_182817_928_traditional | mode_config_type：TraditionalConfig
2026-07-27 18:28:17,932 | INFO | Multi-Mode Keycap Vision Inspection System | 20260727_182817_928_traditional | run_id：20260727_182817_928_traditional
2026-07-27 18:28:17,932 | INFO | Multi-Mode Keycap Vision Inspection System | 20260727_182817_928_traditional | output_dir：C:\Users\Jie\Projects\industrial-vision-30days\week04-industrial-project\outputs\20260727_182817_928_traditional
2026-07-27 18:28:17,933 | INFO | Multi-Mode Keycap Vision Inspection System | 20260727_182817_928_traditional | report_dir：C:\Users\Jie\Projects\industrial-vision-30days\week04-industrial-project\reports\20260727_182817_928_traditional
2026-07-27 18:28:43,556 | INFO | Multi-Mode Keycap Vision Inspection System | 20260727_182843_554_traditional | 配置加载成功，系统日志初始化完毕
2026-07-27 18:28:43,556 | INFO | Multi-Mode Keycap Vision Inspection System | 20260727_182843_554_traditional | app_version：1.0.0
2026-07-27 18:28:43,556 | INFO | Multi-Mode Keycap Vision Inspection System | 20260727_182843_554_traditional | active_mode：traditional
2026-07-27 18:28:43,556 | INFO | Multi-Mode Keycap Vision Inspection System | 20260727_182843_554_traditional | mode_config_type：TraditionalConfig
2026-07-27 18:28:43,556 | INFO | Multi-Mode Keycap Vision Inspection System | 20260727_182843_554_traditional | run_id：20260727_182843_554_traditional
2026-07-27 18:28:43,556 | INFO | Multi-Mode Keycap Vision Inspection System | 20260727_182843_554_traditional | output_dir：C:\Users\Jie\Projects\industrial-vision-30days\week04-industrial-project\outputs\20260727_182843_554_traditional
2026-07-27 18:28:43,557 | INFO | Multi-Mode Keycap Vision Inspection System | 20260727_182843_554_traditional | report_dir：C:\Users\Jie\Projects\industrial-vision-30days\week04-industrial-project\reports\20260727_182843_554_traditional
2026-07-27 18:28:44,380 | INFO | camera.local_source | 20260727_182844_377_traditional | MODULE_LOG_TEST_FINAL_1785148143
2026-07-27 18:28:45,876 | INFO | pipelines.traditional | 20260727_182845_873_traditional | DUPLICATE_HANDLER_TEST
2026-07-27 18:29:04,728 | INFO | camera.local_source | 20260727_182904_725_traditional | MODULE_LOG_CHECK_1785148162
2026-07-27 18:29:04,729 | INFO | pipelines.traditional | 20260727_182904_725_traditional | DUPLICATE_HANDLER_CHECK
2026-07-27 18:29:24,280 | INFO | Multi-Mode Keycap Vision Inspection System | 20260727_182924_278_traditional | 配置加载成功，系统日志初始化完毕
2026-07-27 18:29:24,280 | INFO | Multi-Mode Keycap Vision Inspection System | 20260727_182924_278_traditional | app_version：1.0.0
2026-07-27 18:29:24,281 | INFO | Multi-Mode Keycap Vision Inspection System | 20260727_182924_278_traditional | active_mode：traditional
2026-07-27 18:29:24,281 | INFO | Multi-Mode Keycap Vision Inspection System | 20260727_182924_278_traditional | mode_config_type：TraditionalConfig
2026-07-27 18:29:24,281 | INFO | Multi-Mode Keycap Vision Inspection System | 20260727_182924_278_traditional | run_id：20260727_182924_278_traditional
2026-07-27 18:29:24,281 | INFO | Multi-Mode Keycap Vision Inspection System | 20260727_182924_278_traditional | output_dir：C:\Users\Jie\Projects\industrial-vision-30days\week04-industrial-project\outputs\20260727_182924_278_traditional
2026-07-27 18:29:24,281 | INFO | Multi-Mode Keycap Vision Inspection System | 20260727_182924_278_traditional | report_dir：C:\Users\Jie\Projects\industrial-vision-30days\week04-industrial-project\reports\20260727_182924_278_traditional
2026-07-28 15:54:57,674 | INFO | Multi-Mode Keycap Vision Inspection System | 20260728_155457_672_traditional | 配置加载成功，系统日志初始化完毕
2026-07-28 15:54:57,675 | INFO | Multi-Mode Keycap Vision Inspection System | 20260728_155457_672_traditional | app_version：1.0.0
2026-07-28 15:54:57,675 | INFO | Multi-Mode Keycap Vision Inspection System | 20260728_155457_672_traditional | active_mode：traditional
2026-07-28 15:54:57,675 | INFO | Multi-Mode Keycap Vision Inspection System | 20260728_155457_672_traditional | mode_config_type：TraditionalConfig
2026-07-28 15:54:57,675 | INFO | Multi-Mode Keycap Vision Inspection System | 20260728_155457_672_traditional | run_id：20260728_155457_672_traditional
2026-07-28 15:54:57,675 | INFO | Multi-Mode Keycap Vision Inspection System | 20260728_155457_672_traditional | output_dir：C:\Users\Jie\Projects\industrial-vision-30days\week04-industrial-project\outputs\20260728_155457_672_traditional
2026-07-28 15:54:57,677 | INFO | Multi-Mode Keycap Vision Inspection System | 20260728_155457_672_traditional | report_dir：C:\Users\Jie\Projects\industrial-vision-30days\week04-industrial-project\reports\20260728_155457_672_traditional
2026-07-28 16:00:43,557 | INFO | Multi-Mode Keycap Vision Inspection System | 20260728_160043_554_traditional | 配置加载成功，系统日志初始化完毕
2026-07-28 16:00:43,558 | INFO | Multi-Mode Keycap Vision Inspection System | 20260728_160043_554_traditional | app_version：1.0.0
2026-07-28 16:00:43,558 | INFO | Multi-Mode Keycap Vision Inspection System | 20260728_160043_554_traditional | active_mode：traditional
2026-07-28 16:00:43,558 | INFO | Multi-Mode Keycap Vision Inspection System | 20260728_160043_554_traditional | mode_config_type：TraditionalConfig
2026-07-28 16:00:43,558 | INFO | Multi-Mode Keycap Vision Inspection System | 20260728_160043_554_traditional | run_id：20260728_160043_554_traditional
2026-07-28 16:00:43,558 | INFO | Multi-Mode Keycap Vision Inspection System | 20260728_160043_554_traditional | output_dir：C:\Users\Jie\Projects\industrial-vision-30days\week04-industrial-project\outputs\20260728_160043_554_traditional
2026-07-28 16:00:43,559 | INFO | Multi-Mode Keycap Vision Inspection System | 20260728_160043_554_traditional | report_dir：C:\Users\Jie\Projects\industrial-vision-30days\week04-industrial-project\reports\20260728_160043_554_traditional
2026-07-29 08:33:20,855 | INFO | Multi-Mode Keycap Vision Inspection System | 20260729_083320_853_traditional | 配置加载成功，系统日志初始化完毕
2026-07-29 08:33:20,856 | INFO | Multi-Mode Keycap Vision Inspection System | 20260729_083320_853_traditional | app_version：1.0.0
2026-07-29 08:33:20,856 | INFO | Multi-Mode Keycap Vision Inspection System | 20260729_083320_853_traditional | active_mode：traditional
2026-07-29 08:33:20,856 | INFO | Multi-Mode Keycap Vision Inspection System | 20260729_083320_853_traditional | mode_config_type：TraditionalConfig
2026-07-29 08:33:20,856 | INFO | Multi-Mode Keycap Vision Inspection System | 20260729_083320_853_traditional | run_id：20260729_083320_853_traditional
2026-07-29 08:33:20,856 | INFO | Multi-Mode Keycap Vision Inspection System | 20260729_083320_853_traditional | output_dir：C:\Users\Jie\Projects\industrial-vision-30days\week04-industrial-project\outputs\20260729_083320_853_traditional
2026-07-29 08:33:20,856 | INFO | Multi-Mode Keycap Vision Inspection System | 20260729_083320_853_traditional | report_dir：C:\Users\Jie\Projects\industrial-vision-30days\week04-industrial-project\reports\20260729_083320_853_traditional
2026-07-29 08:35:40,692 | INFO | Multi-Mode Keycap Vision Inspection System | 20260729_083540_688_traditional | 配置加载成功，系统日志初始化完毕
2026-07-29 08:35:40,692 | INFO | Multi-Mode Keycap Vision Inspection System | 20260729_083540_688_traditional | app_version：1.0.0
2026-07-29 08:35:40,692 | INFO | Multi-Mode Keycap Vision Inspection System | 20260729_083540_688_traditional | active_mode：traditional
2026-07-29 08:35:40,692 | INFO | Multi-Mode Keycap Vision Inspection System | 20260729_083540_688_traditional | mode_config_type：TraditionalConfig
2026-07-29 08:35:40,692 | INFO | Multi-Mode Keycap Vision Inspection System | 20260729_083540_688_traditional | run_id：20260729_083540_688_traditional
2026-07-29 08:35:40,692 | INFO | Multi-Mode Keycap Vision Inspection System | 20260729_083540_688_traditional | output_dir：C:\Users\Jie\Projects\industrial-vision-30days\week04-industrial-project\outputs\20260729_083540_688_traditional
2026-07-29 08:35:40,692 | INFO | Multi-Mode Keycap Vision Inspection System | 20260729_083540_688_traditional | report_dir：C:\Users\Jie\Projects\industrial-vision-30days\week04-industrial-project\reports\20260729_083540_688_traditional
2026-07-29 08:35:40,693 | INFO | Multi-Mode Keycap Vision Inspection System | 20260729_083540_692_traditional | 配置加载成功，系统日志初始化完毕
2026-07-29 08:35:40,693 | INFO | Multi-Mode Keycap Vision Inspection System | 20260729_083540_692_traditional | app_version：1.0.0
2026-07-29 08:35:40,693 | INFO | Multi-Mode Keycap Vision Inspection System | 20260729_083540_692_traditional | active_mode：traditional
2026-07-29 08:35:40,693 | INFO | Multi-Mode Keycap Vision Inspection System | 20260729_083540_692_traditional | mode_config_type：TraditionalConfig
2026-07-29 08:35:40,693 | INFO | Multi-Mode Keycap Vision Inspection System | 20260729_083540_692_traditional | run_id：20260729_083540_692_traditional
2026-07-29 08:35:40,693 | INFO | Multi-Mode Keycap Vision Inspection System | 20260729_083540_692_traditional | output_dir：C:\Users\Jie\Projects\industrial-vision-30days\week04-industrial-project\outputs\20260729_083540_692_traditional
2026-07-29 08:35:40,693 | INFO | Multi-Mode Keycap Vision Inspection System | 20260729_083540_692_traditional | report_dir：C:\Users\Jie\Projects\industrial-vision-30days\week04-industrial-project\reports\20260729_083540_692_traditional
2026-07-29 09:01:08,673 | INFO | Multi-Mode Keycap Vision Inspection System | 20260729_090108_671_traditional | 配置加载成功，系统日志初始化完毕
2026-07-29 09:01:08,673 | INFO | Multi-Mode Keycap Vision Inspection System | 20260729_090108_671_traditional | app_version：1.0.0
2026-07-29 09:01:08,674 | INFO | Multi-Mode Keycap Vision Inspection System | 20260729_090108_671_traditional | active_mode：traditional
2026-07-29 09:01:08,674 | INFO | Multi-Mode Keycap Vision Inspection System | 20260729_090108_671_traditional | mode_config_type：TraditionalConfig
2026-07-29 09:01:08,675 | INFO | Multi-Mode Keycap Vision Inspection System | 20260729_090108_671_traditional | run_id：20260729_090108_671_traditional
2026-07-29 09:01:08,675 | INFO | Multi-Mode Keycap Vision Inspection System | 20260729_090108_671_traditional | output_dir：C:\Users\Jie\Projects\industrial-vision-30days\week04-industrial-project\outputs\20260729_090108_671_traditional
2026-07-29 09:01:08,675 | INFO | Multi-Mode Keycap Vision Inspection System | 20260729_090108_671_traditional | report_dir：C:\Users\Jie\Projects\industrial-vision-30days\week04-industrial-project\reports\20260729_090108_671_traditional
2026-07-29 09:01:08,817 | INFO | Multi-Mode Keycap Vision Inspection System | 20260729_090108_671_traditional | image_shape:(1024, 1280, 3)
2026-07-29 09:01:08,817 | INFO | Multi-Mode Keycap Vision Inspection System | 20260729_090108_671_traditional | image_id:KC_001
2026-07-29 09:01:08,818 | INFO | Multi-Mode Keycap Vision Inspection System | 20260729_090108_671_traditional | product_id:KC_001
2026-07-29 09:01:08,818 | INFO | Multi-Mode Keycap Vision Inspection System | 20260729_090108_671_traditional | batch_id:BATCH_01
2026-07-29 09:01:08,818 | INFO | Multi-Mode Keycap Vision Inspection System | 20260729_090108_671_traditional | captured_at:2026-07-28 11:28:02.975465+08:00
2026-07-29 09:01:08,818 | INFO | Multi-Mode Keycap Vision Inspection System | 20260729_090108_671_traditional | source_type:image
2026-07-29 09:01:08,819 | INFO | Multi-Mode Keycap Vision Inspection System | 20260729_090108_671_traditional | source_path:C:\Users\Jie\Projects\industrial-vision-30days\week04-industrial-project\inputs\SET_001\KC_001.png
2026-07-29 09:02:01,431 | INFO | Multi-Mode Keycap Vision Inspection System | 20260729_090201_429_traditional | 配置加载成功，系统日志初始化完毕
2026-07-29 09:02:01,431 | INFO | Multi-Mode Keycap Vision Inspection System | 20260729_090201_429_traditional | app_version：1.0.0
2026-07-29 09:02:01,431 | INFO | Multi-Mode Keycap Vision Inspection System | 20260729_090201_429_traditional | active_mode：traditional
2026-07-29 09:02:01,431 | INFO | Multi-Mode Keycap Vision Inspection System | 20260729_090201_429_traditional | mode_config_type：TraditionalConfig
2026-07-29 09:02:01,433 | INFO | Multi-Mode Keycap Vision Inspection System | 20260729_090201_429_traditional | run_id：20260729_090201_429_traditional
2026-07-29 09:02:01,433 | INFO | Multi-Mode Keycap Vision Inspection System | 20260729_090201_429_traditional | output_dir：C:\Users\Jie\Projects\industrial-vision-30days\week04-industrial-project\outputs\20260729_090201_429_traditional
2026-07-29 09:02:01,433 | INFO | Multi-Mode Keycap Vision Inspection System | 20260729_090201_429_traditional | report_dir：C:\Users\Jie\Projects\industrial-vision-30days\week04-industrial-project\reports\20260729_090201_429_traditional
2026-07-29 09:02:01,503 | INFO | Multi-Mode Keycap Vision Inspection System | 20260729_090201_429_traditional | image_shape:(1024, 1280, 3)
2026-07-29 09:02:01,504 | INFO | Multi-Mode Keycap Vision Inspection System | 20260729_090201_429_traditional | image_id:KC_001
2026-07-29 09:02:01,504 | INFO | Multi-Mode Keycap Vision Inspection System | 20260729_090201_429_traditional | product_id:KC_001
2026-07-29 09:02:01,504 | INFO | Multi-Mode Keycap Vision Inspection System | 20260729_090201_429_traditional | batch_id:BATCH_01
2026-07-29 09:02:01,504 | INFO | Multi-Mode Keycap Vision Inspection System | 20260729_090201_429_traditional | captured_at:2026-07-28 11:28:02.975465+08:00
2026-07-29 09:02:01,504 | INFO | Multi-Mode Keycap Vision Inspection System | 20260729_090201_429_traditional | source_type:image
2026-07-29 09:02:01,505 | INFO | Multi-Mode Keycap Vision Inspection System | 20260729_090201_429_traditional | source_path:C:\Users\Jie\Projects\industrial-vision-30days\week04-industrial-project\inputs\SET_001\KC_001.png
2026-07-29 09:02:01,505 | INFO | Multi-Mode Keycap Vision Inspection System | 20260729_090201_429_traditional | metadata:{"timestamp_source": "file_mtime", "file_mtime": 1785209282.9754646, "color_space": "BGR", "shape": [1024, 1280, 3], "dtype": "uint8", "legend": "F8", "size_u": 1.0}
2026-07-29 09:03:34,056 | INFO | Multi-Mode Keycap Vision Inspection System | 20260729_090334_054_traditional | 配置加载成功，系统日志初始化完毕
2026-07-29 09:03:34,056 | INFO | Multi-Mode Keycap Vision Inspection System | 20260729_090334_054_traditional | app_version：1.0.0
2026-07-29 09:03:34,057 | INFO | Multi-Mode Keycap Vision Inspection System | 20260729_090334_054_traditional | active_mode：traditional
2026-07-29 09:03:34,057 | INFO | Multi-Mode Keycap Vision Inspection System | 20260729_090334_054_traditional | mode_config_type：TraditionalConfig
2026-07-29 09:03:34,057 | INFO | Multi-Mode Keycap Vision Inspection System | 20260729_090334_054_traditional | run_id：20260729_090334_054_traditional
2026-07-29 09:03:34,057 | INFO | Multi-Mode Keycap Vision Inspection System | 20260729_090334_054_traditional | output_dir：C:\Users\Jie\Projects\industrial-vision-30days\week04-industrial-project\outputs\20260729_090334_054_traditional
2026-07-29 09:03:34,057 | INFO | Multi-Mode Keycap Vision Inspection System | 20260729_090334_054_traditional | report_dir：C:\Users\Jie\Projects\industrial-vision-30days\week04-industrial-project\reports\20260729_090334_054_traditional
2026-07-29 09:03:34,100 | INFO | Multi-Mode Keycap Vision Inspection System | 20260729_090334_096_traditional | 配置加载成功，系统日志初始化完毕
2026-07-29 09:03:34,102 | INFO | Multi-Mode Keycap Vision Inspection System | 20260729_090334_096_traditional | app_version：1.0.0
2026-07-29 09:03:34,102 | INFO | Multi-Mode Keycap Vision Inspection System | 20260729_090334_096_traditional | active_mode：traditional
2026-07-29 09:03:34,103 | INFO | Multi-Mode Keycap Vision Inspection System | 20260729_090334_096_traditional | mode_config_type：TraditionalConfig
2026-07-29 09:03:34,104 | INFO | Multi-Mode Keycap Vision Inspection System | 20260729_090334_096_traditional | run_id：20260729_090334_096_traditional
2026-07-29 09:03:34,105 | INFO | Multi-Mode Keycap Vision Inspection System | 20260729_090334_096_traditional | output_dir：C:\Users\Jie\Projects\industrial-vision-30days\week04-industrial-project\outputs\20260729_090334_096_traditional
2026-07-29 09:03:34,105 | INFO | Multi-Mode Keycap Vision Inspection System | 20260729_090334_096_traditional | report_dir：C:\Users\Jie\Projects\industrial-vision-30days\week04-industrial-project\reports\20260729_090334_096_traditional
2026-07-29 09:03:34,206 | INFO | Multi-Mode Keycap Vision Inspection System | 20260729_090334_096_traditional | image_shape:(1024, 1280, 3)
2026-07-29 09:03:34,206 | INFO | Multi-Mode Keycap Vision Inspection System | 20260729_090334_096_traditional | image_id:KC_001
2026-07-29 09:03:34,206 | INFO | Multi-Mode Keycap Vision Inspection System | 20260729_090334_096_traditional | product_id:KC_001
2026-07-29 09:03:34,206 | INFO | Multi-Mode Keycap Vision Inspection System | 20260729_090334_096_traditional | batch_id:BATCH_01
2026-07-29 09:03:34,206 | INFO | Multi-Mode Keycap Vision Inspection System | 20260729_090334_096_traditional | captured_at:2026-07-28 11:28:02.975465+08:00
2026-07-29 09:03:34,206 | INFO | Multi-Mode Keycap Vision Inspection System | 20260729_090334_096_traditional | source_type:image
2026-07-29 09:03:34,206 | INFO | Multi-Mode Keycap Vision Inspection System | 20260729_090334_096_traditional | source_path:C:\Users\Jie\Projects\industrial-vision-30days\week04-industrial-project\inputs\SET_001\KC_001.png
2026-07-29 09:03:34,206 | INFO | Multi-Mode Keycap Vision Inspection System | 20260729_090334_096_traditional | metadata:{"timestamp_source": "file_mtime", "file_mtime": 1785209282.9754646, "color_space": "BGR", "shape": [1024, 1280, 3], "dtype": "uint8", "legend": "F8", "size_u": 1.0}
2026-07-29 09:03:34,213 | INFO | Multi-Mode Keycap Vision Inspection System | 20260729_090334_054_traditional | image_shape:(1024, 1280, 3)
2026-07-29 09:03:34,213 | INFO | Multi-Mode Keycap Vision Inspection System | 20260729_090334_054_traditional | image_id:KC_001
2026-07-29 09:03:34,213 | INFO | Multi-Mode Keycap Vision Inspection System | 20260729_090334_054_traditional | product_id:KC_001
2026-07-29 09:03:34,213 | INFO | Multi-Mode Keycap Vision Inspection System | 20260729_090334_054_traditional | batch_id:BATCH_01
2026-07-29 09:03:34,214 | INFO | Multi-Mode Keycap Vision Inspection System | 20260729_090334_054_traditional | captured_at:2026-07-28 11:28:02.975465+08:00
2026-07-29 09:03:34,214 | INFO | Multi-Mode Keycap Vision Inspection System | 20260729_090334_054_traditional | source_type:image
2026-07-29 09:03:34,215 | INFO | Multi-Mode Keycap Vision Inspection System | 20260729_090334_054_traditional | source_path:C:\Users\Jie\Projects\industrial-vision-30days\week04-industrial-project\inputs\SET_001\KC_001.png
2026-07-29 09:03:34,215 | INFO | Multi-Mode Keycap Vision Inspection System | 20260729_090334_054_traditional | metadata:{"timestamp_source": "file_mtime", "file_mtime": 1785209282.9754646, "color_space": "BGR", "shape": [1024, 1280, 3], "dtype": "uint8", "legend": "F8", "size_u": 1.0}
2026-07-29 09:04:07,270 | INFO | Multi-Mode Keycap Vision Inspection System | 20260729_090407_268_traditional | 配置加载成功，系统日志初始化完毕
2026-07-29 09:04:07,270 | INFO | Multi-Mode Keycap Vision Inspection System | 20260729_090407_268_traditional | app_version：1.0.0
2026-07-29 09:04:07,270 | INFO | Multi-Mode Keycap Vision Inspection System | 20260729_090407_268_traditional | active_mode：traditional
2026-07-29 09:04:07,270 | INFO | Multi-Mode Keycap Vision Inspection System | 20260729_090407_268_traditional | mode_config_type：TraditionalConfig
2026-07-29 09:04:07,270 | INFO | Multi-Mode Keycap Vision Inspection System | 20260729_090407_268_traditional | run_id：20260729_090407_268_traditional
2026-07-29 09:04:07,270 | INFO | Multi-Mode Keycap Vision Inspection System | 20260729_090407_268_traditional | output_dir：C:\Users\Jie\Projects\industrial-vision-30days\week04-industrial-project\outputs\20260729_090407_268_traditional
2026-07-29 09:04:07,270 | INFO | Multi-Mode Keycap Vision Inspection System | 20260729_090407_268_traditional | report_dir：C:\Users\Jie\Projects\industrial-vision-30days\week04-industrial-project\reports\20260729_090407_268_traditional
2026-07-29 09:18:15,449 | INFO | Multi-Mode Keycap Vision Inspection System | 20260729_091815_445_traditional | 配置加载成功，系统日志初始化完毕
2026-07-29 09:18:15,449 | INFO | Multi-Mode Keycap Vision Inspection System | 20260729_091815_445_traditional | app_version：1.0.0
2026-07-29 09:18:15,449 | INFO | Multi-Mode Keycap Vision Inspection System | 20260729_091815_445_traditional | active_mode：traditional
2026-07-29 09:18:15,450 | INFO | Multi-Mode Keycap Vision Inspection System | 20260729_091815_445_traditional | mode_config_type：TraditionalConfig
2026-07-29 09:18:15,450 | INFO | Multi-Mode Keycap Vision Inspection System | 20260729_091815_445_traditional | run_id：20260729_091815_445_traditional
2026-07-29 09:18:15,450 | INFO | Multi-Mode Keycap Vision Inspection System | 20260729_091815_445_traditional | output_dir：C:\Users\Jie\Projects\industrial-vision-30days\week04-industrial-project\outputs\20260729_091815_445_traditional
2026-07-29 09:18:15,450 | INFO | Multi-Mode Keycap Vision Inspection System | 20260729_091815_445_traditional | report_dir：C:\Users\Jie\Projects\industrial-vision-30days\week04-industrial-project\reports\20260729_091815_445_traditional
2026-07-29 09:18:15,601 | INFO | Multi-Mode Keycap Vision Inspection System | 20260729_091815_445_traditional | image_shape:(1024, 1280, 3)
2026-07-29 09:18:15,602 | INFO | Multi-Mode Keycap Vision Inspection System | 20260729_091815_445_traditional | image_id:KC_001
2026-07-29 09:18:15,602 | INFO | Multi-Mode Keycap Vision Inspection System | 20260729_091815_445_traditional | product_id:KC_001
2026-07-29 09:18:15,602 | INFO | Multi-Mode Keycap Vision Inspection System | 20260729_091815_445_traditional | batch_id:BATCH_01
2026-07-29 09:18:15,602 | INFO | Multi-Mode Keycap Vision Inspection System | 20260729_091815_445_traditional | captured_at:2026-07-28 11:28:02.975465+08:00
2026-07-29 09:18:15,602 | INFO | Multi-Mode Keycap Vision Inspection System | 20260729_091815_445_traditional | source_type:image
2026-07-29 09:18:15,604 | INFO | Multi-Mode Keycap Vision Inspection System | 20260729_091815_445_traditional | source_path:C:\Users\Jie\Projects\industrial-vision-30days\week04-industrial-project\inputs\SET_001\KC_001.png
2026-07-29 09:18:15,604 | INFO | Multi-Mode Keycap Vision Inspection System | 20260729_091815_445_traditional | metadata:{"timestamp_source": "file_mtime", "file_mtime": 1785209282.9754646, "color_space": "BGR", "shape": [1024, 1280, 3], "dtype": "uint8", "legend": "F8", "size_u": 1.0}
2026-07-29 09:18:15,734 | INFO | Multi-Mode Keycap Vision Inspection System | 20260729_091815_732_traditional | 配置加载成功，系统日志初始化完毕
2026-07-29 09:18:15,734 | INFO | Multi-Mode Keycap Vision Inspection System | 20260729_091815_732_traditional | app_version：1.0.0
2026-07-29 09:18:15,734 | INFO | Multi-Mode Keycap Vision Inspection System | 20260729_091815_732_traditional | active_mode：traditional
2026-07-29 09:18:15,734 | INFO | Multi-Mode Keycap Vision Inspection System | 20260729_091815_732_traditional | mode_config_type：TraditionalConfig
2026-07-29 09:18:15,736 | INFO | Multi-Mode Keycap Vision Inspection System | 20260729_091815_732_traditional | run_id：20260729_091815_732_traditional
2026-07-29 09:18:15,736 | INFO | Multi-Mode Keycap Vision Inspection System | 20260729_091815_732_traditional | output_dir：C:\Users\Jie\Projects\industrial-vision-30days\week04-industrial-project\outputs\20260729_091815_732_traditional
2026-07-29 09:18:15,736 | INFO | Multi-Mode Keycap Vision Inspection System | 20260729_091815_732_traditional | report_dir：C:\Users\Jie\Projects\industrial-vision-30days\week04-industrial-project\reports\20260729_091815_732_traditional
2026-07-29 09:18:15,888 | INFO | Multi-Mode Keycap Vision Inspection System | 20260729_091815_732_traditional | image_shape:(1024, 1280, 3)
2026-07-29 09:18:15,889 | INFO | Multi-Mode Keycap Vision Inspection System | 20260729_091815_732_traditional | image_id:KC_001
2026-07-29 09:18:15,889 | INFO | Multi-Mode Keycap Vision Inspection System | 20260729_091815_732_traditional | product_id:KC_001
2026-07-29 09:18:15,889 | INFO | Multi-Mode Keycap Vision Inspection System | 20260729_091815_732_traditional | batch_id:BATCH_01
2026-07-29 09:18:15,889 | INFO | Multi-Mode Keycap Vision Inspection System | 20260729_091815_732_traditional | captured_at:2026-07-28 11:28:02.975465+08:00
2026-07-29 09:18:15,890 | INFO | Multi-Mode Keycap Vision Inspection System | 20260729_091815_732_traditional | source_type:image
2026-07-29 09:18:15,890 | INFO | Multi-Mode Keycap Vision Inspection System | 20260729_091815_732_traditional | source_path:C:\Users\Jie\Projects\industrial-vision-30days\week04-industrial-project\inputs\SET_001\KC_001.png
2026-07-29 09:18:15,890 | INFO | Multi-Mode Keycap Vision Inspection System | 20260729_091815_732_traditional | metadata:{"timestamp_source": "file_mtime", "file_mtime": 1785209282.9754646, "color_space": "BGR", "shape": [1024, 1280, 3], "dtype": "uint8", "legend": "F8", "size_u": 1.0}
2026-07-29 09:18:35,484 | INFO | Multi-Mode Keycap Vision Inspection System | 20260729_091835_482_traditional | 配置加载成功，系统日志初始化完毕
2026-07-29 09:18:35,484 | INFO | Multi-Mode Keycap Vision Inspection System | 20260729_091835_482_traditional | app_version：1.0.0
2026-07-29 09:18:35,484 | INFO | Multi-Mode Keycap Vision Inspection System | 20260729_091835_482_traditional | active_mode：traditional
2026-07-29 09:18:35,485 | INFO | Multi-Mode Keycap Vision Inspection System | 20260729_091835_482_traditional | mode_config_type：TraditionalConfig
2026-07-29 09:18:35,485 | INFO | Multi-Mode Keycap Vision Inspection System | 20260729_091835_482_traditional | run_id：20260729_091835_482_traditional
2026-07-29 09:18:35,485 | INFO | Multi-Mode Keycap Vision Inspection System | 20260729_091835_482_traditional | output_dir：C:\Users\Jie\Projects\industrial-vision-30days\week04-industrial-project\outputs\20260729_091835_482_traditional
2026-07-29 09:18:35,485 | INFO | Multi-Mode Keycap Vision Inspection System | 20260729_091835_482_traditional | report_dir：C:\Users\Jie\Projects\industrial-vision-30days\week04-industrial-project\reports\20260729_091835_482_traditional
2026-07-29 09:18:35,489 | ERROR | Multi-Mode Keycap Vision Inspection System | 20260729_091835_482_traditional | 程序运行出错
Traceback (most recent call last):
  File "C:\Users\Jie\Projects\industrial-vision-30days\week04-industrial-project\main.py", line 31, in main
    application.run()
  File "C:\Users\Jie\Projects\industrial-vision-30days\week04-industrial-project\application.py", line 22, in run
    with source:
         ^^^^^^
  File "C:\Users\Jie\Projects\industrial-vision-30days\week04-industrial-project\camera\image_source.py", line 79, in __enter__
    self.open()
  File "C:\Users\Jie\Projects\industrial-vision-30days\week04-industrial-project\camera\local_source.py", line 30, in open
    raise ImageReadError(
core.exceptions.ImageReadError: 无法读取图片: 当前路径不存在 C:\Users\Jie\Projects\industrial-vision-30days\week04-industrial-project\inputs\SET_001\NOT_FOUND.png
2026-07-29 09:32:13,528 | INFO | Multi-Mode Keycap Vision Inspection System | 20260729_093213_526_traditional | 配置加载成功，系统日志初始化完毕
2026-07-29 09:32:13,529 | INFO | Multi-Mode Keycap Vision Inspection System | 20260729_093213_526_traditional | app_version：1.0.0
2026-07-29 09:32:13,529 | INFO | Multi-Mode Keycap Vision Inspection System | 20260729_093213_526_traditional | active_mode：traditional
2026-07-29 09:32:13,529 | INFO | Multi-Mode Keycap Vision Inspection System | 20260729_093213_526_traditional | mode_config_type：TraditionalConfig
2026-07-29 09:32:13,529 | INFO | Multi-Mode Keycap Vision Inspection System | 20260729_093213_526_traditional | run_id：20260729_093213_526_traditional
2026-07-29 09:32:13,529 | INFO | Multi-Mode Keycap Vision Inspection System | 20260729_093213_526_traditional | output_dir：C:\Users\Jie\Projects\industrial-vision-30days\week04-industrial-project\outputs\20260729_093213_526_traditional
2026-07-29 09:32:13,529 | INFO | Multi-Mode Keycap Vision Inspection System | 20260729_093213_526_traditional | report_dir：C:\Users\Jie\Projects\industrial-vision-30days\week04-industrial-project\reports\20260729_093213_526_traditional
2026-07-29 09:32:13,713 | INFO | Multi-Mode Keycap Vision Inspection System | 20260729_093213_526_traditional | image_shape:(1024, 1280, 3)
2026-07-29 09:32:13,713 | INFO | Multi-Mode Keycap Vision Inspection System | 20260729_093213_526_traditional | image_id:KC_001
2026-07-29 09:32:13,713 | INFO | Multi-Mode Keycap Vision Inspection System | 20260729_093213_526_traditional | product_id:KC_001
2026-07-29 09:32:13,713 | INFO | Multi-Mode Keycap Vision Inspection System | 20260729_093213_526_traditional | batch_id:BATCH_01
2026-07-29 09:32:13,714 | INFO | Multi-Mode Keycap Vision Inspection System | 20260729_093213_526_traditional | captured_at:2026-07-28 11:28:02.975465+08:00
2026-07-29 09:32:13,714 | INFO | Multi-Mode Keycap Vision Inspection System | 20260729_093213_526_traditional | source_type:image
2026-07-29 09:32:13,714 | INFO | Multi-Mode Keycap Vision Inspection System | 20260729_093213_526_traditional | source_path:C:\Users\Jie\Projects\industrial-vision-30days\week04-industrial-project\inputs\SET_001\KC_001.png
2026-07-29 09:32:13,714 | INFO | Multi-Mode Keycap Vision Inspection System | 20260729_093213_526_traditional | metadata:{"timestamp_source": "file_mtime", "file_mtime": 1785209282.9754646, "color_space": "BGR", "shape": [1024, 1280, 3], "dtype": "uint8", "legend": "F8", "size_u": 1.0}
2026-07-29 09:32:37,563 | INFO | Multi-Mode Keycap Vision Inspection System | 20260729_093237_561_traditional | 配置加载成功，系统日志初始化完毕
2026-07-29 09:32:37,564 | INFO | Multi-Mode Keycap Vision Inspection System | 20260729_093237_561_traditional | app_version：1.0.0
2026-07-29 09:32:37,564 | INFO | Multi-Mode Keycap Vision Inspection System | 20260729_093237_561_traditional | active_mode：traditional
2026-07-29 09:32:37,564 | INFO | Multi-Mode Keycap Vision Inspection System | 20260729_093237_561_traditional | mode_config_type：TraditionalConfig
2026-07-29 09:32:37,564 | INFO | Multi-Mode Keycap Vision Inspection System | 20260729_093237_561_traditional | run_id：20260729_093237_561_traditional
2026-07-29 09:32:37,564 | INFO | Multi-Mode Keycap Vision Inspection System | 20260729_093237_561_traditional | output_dir：C:\Users\Jie\Projects\industrial-vision-30days\week04-industrial-project\outputs\20260729_093237_561_traditional
2026-07-29 09:32:37,564 | INFO | Multi-Mode Keycap Vision Inspection System | 20260729_093237_561_traditional | report_dir：C:\Users\Jie\Projects\industrial-vision-30days\week04-industrial-project\reports\20260729_093237_561_traditional
2026-07-29 09:32:37,567 | ERROR | Multi-Mode Keycap Vision Inspection System | 20260729_093237_561_traditional | 程序运行出错
Traceback (most recent call last):
  File "C:\Users\Jie\Projects\industrial-vision-30days\week04-industrial-project\main.py", line 32, in main
    return application.run()
           ^^^^^^^^^^^^^^^^^
  File "C:\Users\Jie\Projects\industrial-vision-30days\week04-industrial-project\application.py", line 28, in run
    with source:
         ^^^^^^
  File "C:\Users\Jie\Projects\industrial-vision-30days\week04-industrial-project\camera\image_source.py", line 79, in __enter__
    self.open()
  File "C:\Users\Jie\Projects\industrial-vision-30days\week04-industrial-project\camera\local_source.py", line 30, in open
    raise ImageReadError(
core.exceptions.ImageReadError: 无法读取图片: 当前路径不存在 C:\Users\Jie\Projects\industrial-vision-30days\week04-industrial-project\inputs\SET_001\NOT_FOUND.png
2026-07-29 09:32:37,570 | INFO | Multi-Mode Keycap Vision Inspection System | 20260729_093237_568_traditional | 配置加载成功，系统日志初始化完毕
2026-07-29 09:32:37,571 | INFO | Multi-Mode Keycap Vision Inspection System | 20260729_093237_568_traditional | app_version：1.0.0
2026-07-29 09:32:37,571 | INFO | Multi-Mode Keycap Vision Inspection System | 20260729_093237_568_traditional | active_mode：traditional
2026-07-29 09:32:37,571 | INFO | Multi-Mode Keycap Vision Inspection System | 20260729_093237_568_traditional | mode_config_type：TraditionalConfig
2026-07-29 09:32:37,571 | INFO | Multi-Mode Keycap Vision Inspection System | 20260729_093237_568_traditional | run_id：20260729_093237_568_traditional
2026-07-29 09:32:37,571 | INFO | Multi-Mode Keycap Vision Inspection System | 20260729_093237_568_traditional | output_dir：C:\Users\Jie\Projects\industrial-vision-30days\week04-industrial-project\outputs\20260729_093237_568_traditional
2026-07-29 09:32:37,571 | INFO | Multi-Mode Keycap Vision Inspection System | 20260729_093237_568_traditional | report_dir：C:\Users\Jie\Projects\industrial-vision-30days\week04-industrial-project\reports\20260729_093237_568_traditional
2026-07-29 09:32:37,573 | ERROR | Multi-Mode Keycap Vision Inspection System | 20260729_093237_568_traditional | 程序运行出错
Traceback (most recent call last):
  File "C:\Users\Jie\Projects\industrial-vision-30days\week04-industrial-project\main.py", line 32, in main
    return application.run()
           ^^^^^^^^^^^^^^^^^
  File "C:\Users\Jie\Projects\industrial-vision-30days\week04-industrial-project\application.py", line 28, in run
    with source:
         ^^^^^^
  File "C:\Users\Jie\Projects\industrial-vision-30days\week04-industrial-project\camera\image_source.py", line 79, in __enter__
    self.open()
  File "C:\Users\Jie\Projects\industrial-vision-30days\week04-industrial-project\camera\local_source.py", line 38, in open
    raise ImageReadError(
core.exceptions.ImageReadError: 无法读取图片: 图片格式不支持 .md
2026-07-29 09:32:37,577 | INFO | Multi-Mode Keycap Vision Inspection System | 20260729_093237_574_traditional | 配置加载成功，系统日志初始化完毕
2026-07-29 09:32:37,577 | INFO | Multi-Mode Keycap Vision Inspection System | 20260729_093237_574_traditional | app_version：1.0.0
2026-07-29 09:32:37,577 | INFO | Multi-Mode Keycap Vision Inspection System | 20260729_093237_574_traditional | active_mode：traditional
2026-07-29 09:32:37,577 | INFO | Multi-Mode Keycap Vision Inspection System | 20260729_093237_574_traditional | mode_config_type：TraditionalConfig
2026-07-29 09:32:37,577 | INFO | Multi-Mode Keycap Vision Inspection System | 20260729_093237_574_traditional | run_id：20260729_093237_574_traditional
2026-07-29 09:32:37,577 | INFO | Multi-Mode Keycap Vision Inspection System | 20260729_093237_574_traditional | output_dir：C:\Users\Jie\Projects\industrial-vision-30days\week04-industrial-project\outputs\20260729_093237_574_traditional
2026-07-29 09:32:37,577 | INFO | Multi-Mode Keycap Vision Inspection System | 20260729_093237_574_traditional | report_dir：C:\Users\Jie\Projects\industrial-vision-30days\week04-industrial-project\reports\20260729_093237_574_traditional
2026-07-29 09:32:37,579 | ERROR | Multi-Mode Keycap Vision Inspection System | 20260729_093237_574_traditional | 程序运行出错
Traceback (most recent call last):
  File "C:\Users\Jie\Projects\industrial-vision-30days\week04-industrial-project\main.py", line 32, in main
    return application.run()
           ^^^^^^^^^^^^^^^^^
  File "C:\Users\Jie\Projects\industrial-vision-30days\week04-industrial-project\application.py", line 27, in run
    source = create_image_source(self.config, catalog)
             ^^^^^^^^^^^^^^^^^^^^^^^^^^^^^^^^^^^^^^^^^
  File "C:\Users\Jie\Projects\industrial-vision-30days\week04-industrial-project\camera\factory.py", line 14, in create_image_source
    product=catalog.get_product(product_id=config.main_config.input.product_id),
            ^^^^^^^^^^^^^^^^^^^^^^^^^^^^^^^^^^^^^^^^^^^^^^^^^^^^^^^^^^^^^^^^^^^
  File "C:\Users\Jie\Projects\industrial-vision-30days\week04-industrial-project\core\catalog.py", line 61, in get_product
    raise ProductNotFoundError(product_id=product_id)
core.exceptions.ProductNotFoundError: 无法寻找到标识为KC_NOT_FOUND的产品
2026-07-29 09:32:37,582 | INFO | Multi-Mode Keycap Vision Inspection System | 20260729_093237_580_traditional | 配置加载成功，系统日志初始化完毕
2026-07-29 09:32:37,582 | INFO | Multi-Mode Keycap Vision Inspection System | 20260729_093237_580_traditional | app_version：1.0.0
2026-07-29 09:32:37,582 | INFO | Multi-Mode Keycap Vision Inspection System | 20260729_093237_580_traditional | active_mode：traditional
2026-07-29 09:32:37,582 | INFO | Multi-Mode Keycap Vision Inspection System | 20260729_093237_580_traditional | mode_config_type：TraditionalConfig
2026-07-29 09:32:37,583 | INFO | Multi-Mode Keycap Vision Inspection System | 20260729_093237_580_traditional | run_id：20260729_093237_580_traditional
2026-07-29 09:32:37,583 | INFO | Multi-Mode Keycap Vision Inspection System | 20260729_093237_580_traditional | output_dir：C:\Users\Jie\Projects\industrial-vision-30days\week04-industrial-project\outputs\20260729_093237_580_traditional
2026-07-29 09:32:37,583 | INFO | Multi-Mode Keycap Vision Inspection System | 20260729_093237_580_traditional | report_dir：C:\Users\Jie\Projects\industrial-vision-30days\week04-industrial-project\reports\20260729_093237_580_traditional
2026-07-29 09:32:37,584 | ERROR | Multi-Mode Keycap Vision Inspection System | 20260729_093237_580_traditional | 程序运行出错
Traceback (most recent call last):
  File "C:\Users\Jie\Projects\industrial-vision-30days\week04-industrial-project\main.py", line 32, in main
    return application.run()
           ^^^^^^^^^^^^^^^^^
  File "C:\Users\Jie\Projects\industrial-vision-30days\week04-industrial-project\application.py", line 27, in run
    source = create_image_source(self.config, catalog)
             ^^^^^^^^^^^^^^^^^^^^^^^^^^^^^^^^^^^^^^^^^
  File "C:\Users\Jie\Projects\industrial-vision-30days\week04-industrial-project\camera\factory.py", line 18, in create_image_source
    raise NotImplementedError("directory功能尚未实现")
NotImplementedError: directory功能尚未实现
2026-07-29 09:32:37,587 | INFO | Multi-Mode Keycap Vision Inspection System | 20260729_093237_585_traditional | 配置加载成功，系统日志初始化完毕
2026-07-29 09:32:37,587 | INFO | Multi-Mode Keycap Vision Inspection System | 20260729_093237_585_traditional | app_version：1.0.0
2026-07-29 09:32:37,588 | INFO | Multi-Mode Keycap Vision Inspection System | 20260729_093237_585_traditional | active_mode：traditional
2026-07-29 09:32:37,588 | INFO | Multi-Mode Keycap Vision Inspection System | 20260729_093237_585_traditional | mode_config_type：TraditionalConfig
2026-07-29 09:32:37,588 | INFO | Multi-Mode Keycap Vision Inspection System | 20260729_093237_585_traditional | run_id：20260729_093237_585_traditional
2026-07-29 09:32:37,588 | INFO | Multi-Mode Keycap Vision Inspection System | 20260729_093237_585_traditional | output_dir：C:\Users\Jie\Projects\industrial-vision-30days\week04-industrial-project\outputs\20260729_093237_585_traditional
2026-07-29 09:32:37,588 | INFO | Multi-Mode Keycap Vision Inspection System | 20260729_093237_585_traditional | report_dir：C:\Users\Jie\Projects\industrial-vision-30days\week04-industrial-project\reports\20260729_093237_585_traditional
2026-07-29 09:32:37,590 | ERROR | Multi-Mode Keycap Vision Inspection System | 20260729_093237_585_traditional | 程序运行出错
Traceback (most recent call last):
  File "C:\Users\Jie\Projects\industrial-vision-30days\week04-industrial-project\main.py", line 32, in main
    return application.run()
           ^^^^^^^^^^^^^^^^^
  File "C:\Users\Jie\Projects\industrial-vision-30days\week04-industrial-project\application.py", line 27, in run
    source = create_image_source(self.config, catalog)
             ^^^^^^^^^^^^^^^^^^^^^^^^^^^^^^^^^^^^^^^^^
  File "C:\Users\Jie\Projects\industrial-vision-30days\week04-industrial-project\camera\factory.py", line 20, in create_image_source
    raise NotImplementedError("camera功能尚未实现")
NotImplementedError: camera功能尚未实现
2026-07-29 09:32:53,029 | INFO | Multi-Mode Keycap Vision Inspection System | 20260729_093253_027_traditional | 配置加载成功，系统日志初始化完毕
2026-07-29 09:32:53,029 | INFO | Multi-Mode Keycap Vision Inspection System | 20260729_093253_027_traditional | app_version：1.0.0
2026-07-29 09:32:53,029 | INFO | Multi-Mode Keycap Vision Inspection System | 20260729_093253_027_traditional | active_mode：traditional
2026-07-29 09:32:53,029 | INFO | Multi-Mode Keycap Vision Inspection System | 20260729_093253_027_traditional | mode_config_type：TraditionalConfig
2026-07-29 09:32:53,030 | INFO | Multi-Mode Keycap Vision Inspection System | 20260729_093253_027_traditional | run_id：20260729_093253_027_traditional
2026-07-29 09:32:53,030 | INFO | Multi-Mode Keycap Vision Inspection System | 20260729_093253_027_traditional | output_dir：C:\Users\Jie\Projects\industrial-vision-30days\week04-industrial-project\outputs\20260729_093253_027_traditional
2026-07-29 09:32:53,030 | INFO | Multi-Mode Keycap Vision Inspection System | 20260729_093253_027_traditional | report_dir：C:\Users\Jie\Projects\industrial-vision-30days\week04-industrial-project\reports\20260729_093253_027_traditional
2026-07-29 09:32:53,092 | INFO | Multi-Mode Keycap Vision Inspection System | 20260729_093253_027_traditional | image_shape:(1024, 1280, 3)
2026-07-29 09:32:53,092 | INFO | Multi-Mode Keycap Vision Inspection System | 20260729_093253_027_traditional | image_id:KC_001
2026-07-29 09:32:53,093 | INFO | Multi-Mode Keycap Vision Inspection System | 20260729_093253_027_traditional | product_id:KC_001
2026-07-29 09:32:53,093 | INFO | Multi-Mode Keycap Vision Inspection System | 20260729_093253_027_traditional | batch_id:BATCH_01
2026-07-29 09:32:53,093 | INFO | Multi-Mode Keycap Vision Inspection System | 20260729_093253_027_traditional | captured_at:2026-07-28 11:28:02.975465+08:00
2026-07-29 09:32:53,093 | INFO | Multi-Mode Keycap Vision Inspection System | 20260729_093253_027_traditional | source_type:image
2026-07-29 09:32:53,093 | INFO | Multi-Mode Keycap Vision Inspection System | 20260729_093253_027_traditional | source_path:C:\Users\Jie\Projects\industrial-vision-30days\week04-industrial-project\inputs\SET_001\KC_001.png
2026-07-29 09:32:53,094 | INFO | Multi-Mode Keycap Vision Inspection System | 20260729_093253_027_traditional | metadata:{"timestamp_source": "file_mtime", "file_mtime": 1785209282.9754646, "color_space": "BGR", "shape": [1024, 1280, 3], "dtype": "uint8", "legend": "F8", "size_u": 1.0}
2026-07-29 10:49:35,050 | INFO | Multi-Mode Keycap Vision Inspection System | 20260729_104935_049_traditional | 配置加载成功，系统日志初始化完毕
2026-07-29 10:49:35,050 | INFO | Multi-Mode Keycap Vision Inspection System | 20260729_104935_049_traditional | app_version：1.0.0
2026-07-29 10:49:35,051 | INFO | Multi-Mode Keycap Vision Inspection System | 20260729_104935_049_traditional | active_mode：traditional
2026-07-29 10:49:35,051 | INFO | Multi-Mode Keycap Vision Inspection System | 20260729_104935_049_traditional | mode_config_type：TraditionalConfig
2026-07-29 10:49:35,051 | INFO | Multi-Mode Keycap Vision Inspection System | 20260729_104935_049_traditional | run_id：20260729_104935_049_traditional
2026-07-29 10:49:35,051 | INFO | Multi-Mode Keycap Vision Inspection System | 20260729_104935_049_traditional | output_dir：C:\Users\Jie\Projects\industrial-vision-30days\week04-industrial-project\outputs\20260729_104935_049_traditional
2026-07-29 10:49:35,051 | INFO | Multi-Mode Keycap Vision Inspection System | 20260729_104935_049_traditional | report_dir：C:\Users\Jie\Projects\industrial-vision-30days\week04-industrial-project\reports\20260729_104935_049_traditional
2026-07-29 10:49:35,175 | INFO | Multi-Mode Keycap Vision Inspection System | 20260729_104935_049_traditional | image_shape:(1024, 1280, 3)
2026-07-29 10:49:35,175 | INFO | Multi-Mode Keycap Vision Inspection System | 20260729_104935_049_traditional | image_id:KC_001
2026-07-29 10:49:35,176 | INFO | Multi-Mode Keycap Vision Inspection System | 20260729_104935_049_traditional | product_id:KC_001
2026-07-29 10:49:35,176 | INFO | Multi-Mode Keycap Vision Inspection System | 20260729_104935_049_traditional | batch_id:BATCH_01
2026-07-29 10:49:35,176 | INFO | Multi-Mode Keycap Vision Inspection System | 20260729_104935_049_traditional | captured_at:2026-07-28 11:28:02.975465+08:00
2026-07-29 10:49:35,176 | INFO | Multi-Mode Keycap Vision Inspection System | 20260729_104935_049_traditional | source_type:image
2026-07-29 10:49:35,176 | INFO | Multi-Mode Keycap Vision Inspection System | 20260729_104935_049_traditional | source_path:C:\Users\Jie\Projects\industrial-vision-30days\week04-industrial-project\inputs\SET_001\KC_001.png
2026-07-29 10:49:35,177 | INFO | Multi-Mode Keycap Vision Inspection System | 20260729_104935_049_traditional | metadata:{"timestamp_source": "file_mtime", "file_mtime": 1785209282.9754646, "color_space": "BGR", "shape": [1024, 1280, 3], "dtype": "uint8", "legend": "F8", "size_u": 1.0}
2026-07-29 10:51:46,908 | INFO | Multi-Mode Keycap Vision Inspection System | 20260729_105146_905_traditional | 配置加载成功，系统日志初始化完毕
2026-07-29 10:51:46,908 | INFO | Multi-Mode Keycap Vision Inspection System | 20260729_105146_905_traditional | app_version：1.0.0
2026-07-29 10:51:46,908 | INFO | Multi-Mode Keycap Vision Inspection System | 20260729_105146_905_traditional | active_mode：traditional
2026-07-29 10:51:46,908 | INFO | Multi-Mode Keycap Vision Inspection System | 20260729_105146_905_traditional | mode_config_type：TraditionalConfig
2026-07-29 10:51:46,908 | INFO | Multi-Mode Keycap Vision Inspection System | 20260729_105146_905_traditional | run_id：20260729_105146_905_traditional
2026-07-29 10:51:46,908 | INFO | Multi-Mode Keycap Vision Inspection System | 20260729_105146_905_traditional | output_dir：C:\Users\Jie\Projects\industrial-vision-30days\week04-industrial-project\outputs\20260729_105146_905_traditional
2026-07-29 10:51:46,909 | INFO | Multi-Mode Keycap Vision Inspection System | 20260729_105146_905_traditional | report_dir：C:\Users\Jie\Projects\industrial-vision-30days\week04-industrial-project\reports\20260729_105146_905_traditional
2026-07-29 10:51:47,016 | INFO | Multi-Mode Keycap Vision Inspection System | 20260729_105146_905_traditional | image_shape:(1024, 1280, 3)
2026-07-29 10:51:47,016 | INFO | Multi-Mode Keycap Vision Inspection System | 20260729_105146_905_traditional | image_id:KC_001
2026-07-29 10:51:47,016 | INFO | Multi-Mode Keycap Vision Inspection System | 20260729_105146_905_traditional | product_id:KC_001
2026-07-29 10:51:47,016 | INFO | Multi-Mode Keycap Vision Inspection System | 20260729_105146_905_traditional | batch_id:BATCH_01
2026-07-29 10:51:47,016 | INFO | Multi-Mode Keycap Vision Inspection System | 20260729_105146_905_traditional | captured_at:2026-07-28 11:28:02.975465+08:00
2026-07-29 10:51:47,018 | INFO | Multi-Mode Keycap Vision Inspection System | 20260729_105146_905_traditional | source_type:image
2026-07-29 10:51:47,018 | INFO | Multi-Mode Keycap Vision Inspection System | 20260729_105146_905_traditional | source_path:C:\Users\Jie\Projects\industrial-vision-30days\week04-industrial-project\inputs\SET_001\KC_001.png
2026-07-29 10:51:47,019 | INFO | Multi-Mode Keycap Vision Inspection System | 20260729_105146_905_traditional | metadata:{"timestamp_source": "file_mtime", "file_mtime": 1785209282.9754646, "color_space": "BGR", "shape": [1024, 1280, 3], "dtype": "uint8", "legend": "F8", "size_u": 1.0}
2026-07-29 10:52:06,899 | INFO | Multi-Mode Keycap Vision Inspection System | 20260729_105206_896_traditional | 配置加载成功，系统日志初始化完毕
2026-07-29 10:52:06,899 | INFO | Multi-Mode Keycap Vision Inspection System | 20260729_105206_896_traditional | app_version：1.0.0
2026-07-29 10:52:06,899 | INFO | Multi-Mode Keycap Vision Inspection System | 20260729_105206_896_traditional | active_mode：traditional
2026-07-29 10:52:06,899 | INFO | Multi-Mode Keycap Vision Inspection System | 20260729_105206_896_traditional | mode_config_type：TraditionalConfig
2026-07-29 10:52:06,899 | INFO | Multi-Mode Keycap Vision Inspection System | 20260729_105206_896_traditional | run_id：20260729_105206_896_traditional
2026-07-29 10:52:06,899 | INFO | Multi-Mode Keycap Vision Inspection System | 20260729_105206_896_traditional | output_dir：C:\Users\Jie\Projects\industrial-vision-30days\week04-industrial-project\outputs\20260729_105206_896_traditional
2026-07-29 10:52:06,899 | INFO | Multi-Mode Keycap Vision Inspection System | 20260729_105206_896_traditional | report_dir：C:\Users\Jie\Projects\industrial-vision-30days\week04-industrial-project\reports\20260729_105206_896_traditional
2026-07-29 10:52:06,901 | ERROR | Multi-Mode Keycap Vision Inspection System | 20260729_105206_896_traditional | 错误码[35] 无法读取图片: 当前路径不存在 C:\Users\Jie\Projects\industrial-vision-30days\week04-industrial-project\inputs\SET_001\NOT_FOUND.png
2026-07-29 10:52:06,903 | INFO | Multi-Mode Keycap Vision Inspection System | 20260729_105206_901_traditional | 配置加载成功，系统日志初始化完毕
2026-07-29 10:52:06,903 | INFO | Multi-Mode Keycap Vision Inspection System | 20260729_105206_901_traditional | app_version：1.0.0
2026-07-29 10:52:06,903 | INFO | Multi-Mode Keycap Vision Inspection System | 20260729_105206_901_traditional | active_mode：traditional
2026-07-29 10:52:06,903 | INFO | Multi-Mode Keycap Vision Inspection System | 20260729_105206_901_traditional | mode_config_type：TraditionalConfig
2026-07-29 10:52:06,904 | INFO | Multi-Mode Keycap Vision Inspection System | 20260729_105206_901_traditional | run_id：20260729_105206_901_traditional
2026-07-29 10:52:06,904 | INFO | Multi-Mode Keycap Vision Inspection System | 20260729_105206_901_traditional | output_dir：C:\Users\Jie\Projects\industrial-vision-30days\week04-industrial-project\outputs\20260729_105206_901_traditional
2026-07-29 10:52:06,904 | INFO | Multi-Mode Keycap Vision Inspection System | 20260729_105206_901_traditional | report_dir：C:\Users\Jie\Projects\industrial-vision-30days\week04-industrial-project\reports\20260729_105206_901_traditional
2026-07-29 10:52:06,905 | ERROR | Multi-Mode Keycap Vision Inspection System | 20260729_105206_901_traditional | 错误码[33] 无法读取图片: 图片格式不支持 .md
2026-07-29 10:52:06,908 | INFO | Multi-Mode Keycap Vision Inspection System | 20260729_105206_906_traditional | 配置加载成功，系统日志初始化完毕
2026-07-29 10:52:06,908 | INFO | Multi-Mode Keycap Vision Inspection System | 20260729_105206_906_traditional | app_version：1.0.0
2026-07-29 10:52:06,908 | INFO | Multi-Mode Keycap Vision Inspection System | 20260729_105206_906_traditional | active_mode：traditional
2026-07-29 10:52:06,908 | INFO | Multi-Mode Keycap Vision Inspection System | 20260729_105206_906_traditional | mode_config_type：TraditionalConfig
2026-07-29 10:52:06,908 | INFO | Multi-Mode Keycap Vision Inspection System | 20260729_105206_906_traditional | run_id：20260729_105206_906_traditional
2026-07-29 10:52:06,908 | INFO | Multi-Mode Keycap Vision Inspection System | 20260729_105206_906_traditional | output_dir：C:\Users\Jie\Projects\industrial-vision-30days\week04-industrial-project\outputs\20260729_105206_906_traditional
2026-07-29 10:52:06,908 | INFO | Multi-Mode Keycap Vision Inspection System | 20260729_105206_906_traditional | report_dir：C:\Users\Jie\Projects\industrial-vision-30days\week04-industrial-project\reports\20260729_105206_906_traditional
2026-07-29 10:52:06,910 | ERROR | Multi-Mode Keycap Vision Inspection System | 20260729_105206_906_traditional | 错误码[21] 无法寻找到标识为 KC_NOT_FOUND 的产品
2026-07-29 10:52:06,912 | INFO | Multi-Mode Keycap Vision Inspection System | 20260729_105206_910_traditional | 配置加载成功，系统日志初始化完毕
2026-07-29 10:52:06,912 | INFO | Multi-Mode Keycap Vision Inspection System | 20260729_105206_910_traditional | app_version：1.0.0
2026-07-29 10:52:06,912 | INFO | Multi-Mode Keycap Vision Inspection System | 20260729_105206_910_traditional | active_mode：traditional
2026-07-29 10:52:06,912 | INFO | Multi-Mode Keycap Vision Inspection System | 20260729_105206_910_traditional | mode_config_type：TraditionalConfig
2026-07-29 10:52:06,912 | INFO | Multi-Mode Keycap Vision Inspection System | 20260729_105206_910_traditional | run_id：20260729_105206_910_traditional
2026-07-29 10:52:06,912 | INFO | Multi-Mode Keycap Vision Inspection System | 20260729_105206_910_traditional | output_dir：C:\Users\Jie\Projects\industrial-vision-30days\week04-industrial-project\outputs\20260729_105206_910_traditional
2026-07-29 10:52:06,912 | INFO | Multi-Mode Keycap Vision Inspection System | 20260729_105206_910_traditional | report_dir：C:\Users\Jie\Projects\industrial-vision-30days\week04-industrial-project\reports\20260729_105206_910_traditional
2026-07-29 10:52:06,913 | ERROR | Multi-Mode Keycap Vision Inspection System | 20260729_105206_910_traditional | 错误码[40] directory功能尚未实现
2026-07-29 10:52:06,915 | INFO | Multi-Mode Keycap Vision Inspection System | 20260729_105206_913_traditional | 配置加载成功，系统日志初始化完毕
2026-07-29 10:52:06,916 | INFO | Multi-Mode Keycap Vision Inspection System | 20260729_105206_913_traditional | app_version：1.0.0
2026-07-29 10:52:06,916 | INFO | Multi-Mode Keycap Vision Inspection System | 20260729_105206_913_traditional | active_mode：traditional
2026-07-29 10:52:06,916 | INFO | Multi-Mode Keycap Vision Inspection System | 20260729_105206_913_traditional | mode_config_type：TraditionalConfig
2026-07-29 10:52:06,916 | INFO | Multi-Mode Keycap Vision Inspection System | 20260729_105206_913_traditional | run_id：20260729_105206_913_traditional
2026-07-29 10:52:06,916 | INFO | Multi-Mode Keycap Vision Inspection System | 20260729_105206_913_traditional | output_dir：C:\Users\Jie\Projects\industrial-vision-30days\week04-industrial-project\outputs\20260729_105206_913_traditional
2026-07-29 10:52:06,916 | INFO | Multi-Mode Keycap Vision Inspection System | 20260729_105206_913_traditional | report_dir：C:\Users\Jie\Projects\industrial-vision-30days\week04-industrial-project\reports\20260729_105206_913_traditional
2026-07-29 10:52:06,918 | ERROR | Multi-Mode Keycap Vision Inspection System | 20260729_105206_913_traditional | 错误码[40] camera功能尚未实现
2026-07-29 11:15:45,418 | INFO | Multi-Mode Keycap Vision Inspection System | 20260729_111545_416_traditional | 配置加载成功，系统日志初始化完毕
2026-07-29 11:15:45,418 | INFO | Multi-Mode Keycap Vision Inspection System | 20260729_111545_416_traditional | app_version：1.0.0
2026-07-29 11:15:45,418 | INFO | Multi-Mode Keycap Vision Inspection System | 20260729_111545_416_traditional | active_mode：traditional
2026-07-29 11:15:45,418 | INFO | Multi-Mode Keycap Vision Inspection System | 20260729_111545_416_traditional | mode_config_type：TraditionalConfig
2026-07-29 11:15:45,418 | INFO | Multi-Mode Keycap Vision Inspection System | 20260729_111545_416_traditional | run_id：20260729_111545_416_traditional
2026-07-29 11:15:45,419 | INFO | Multi-Mode Keycap Vision Inspection System | 20260729_111545_416_traditional | output_dir：C:\Users\Jie\Projects\industrial-vision-30days\week04-industrial-project\outputs\20260729_111545_416_traditional
2026-07-29 11:15:45,419 | INFO | Multi-Mode Keycap Vision Inspection System | 20260729_111545_416_traditional | report_dir：C:\Users\Jie\Projects\industrial-vision-30days\week04-industrial-project\reports\20260729_111545_416_traditional
2026-07-29 11:15:45,490 | INFO | Multi-Mode Keycap Vision Inspection System | 20260729_111545_416_traditional | image_shape:(1024, 1280, 3)
2026-07-29 11:15:45,490 | INFO | Multi-Mode Keycap Vision Inspection System | 20260729_111545_416_traditional | image_id:KC_001
2026-07-29 11:15:45,490 | INFO | Multi-Mode Keycap Vision Inspection System | 20260729_111545_416_traditional | product_id:KC_001
2026-07-29 11:15:45,490 | INFO | Multi-Mode Keycap Vision Inspection System | 20260729_111545_416_traditional | batch_id:BATCH_01
2026-07-29 11:15:45,490 | INFO | Multi-Mode Keycap Vision Inspection System | 20260729_111545_416_traditional | captured_at:2026-07-28 11:28:02.975465+08:00
2026-07-29 11:15:45,491 | INFO | Multi-Mode Keycap Vision Inspection System | 20260729_111545_416_traditional | source_type:image
2026-07-29 11:15:45,491 | INFO | Multi-Mode Keycap Vision Inspection System | 20260729_111545_416_traditional | source_path:C:\Users\Jie\Projects\industrial-vision-30days\week04-industrial-project\inputs\SET_001\KC_001.png
2026-07-29 11:15:45,491 | INFO | Multi-Mode Keycap Vision Inspection System | 20260729_111545_416_traditional | metadata:{"timestamp_source": "file_mtime", "file_mtime": 1785209282.9754646, "color_space": "BGR", "shape": [1024, 1280, 3], "dtype": "uint8", "legend": "F8", "size_u": 1.0}
2026-07-29 11:15:45,491 | INFO | Multi-Mode Keycap Vision Inspection System | 20260729_111545_416_traditional | 程序结束 | exit_code=0 | exit_name=SUCCESS
2026-07-29 11:16:04,609 | INFO | Multi-Mode Keycap Vision Inspection System | 20260729_111604_601_traditional | 配置加载成功，系统日志初始化完毕
2026-07-29 11:16:04,610 | INFO | Multi-Mode Keycap Vision Inspection System | 20260729_111604_601_traditional | app_version：1.0.0
2026-07-29 11:16:04,610 | INFO | Multi-Mode Keycap Vision Inspection System | 20260729_111604_601_traditional | active_mode：traditional
2026-07-29 11:16:04,610 | INFO | Multi-Mode Keycap Vision Inspection System | 20260729_111604_601_traditional | mode_config_type：TraditionalConfig
2026-07-29 11:16:04,610 | INFO | Multi-Mode Keycap Vision Inspection System | 20260729_111604_601_traditional | run_id：20260729_111604_601_traditional
2026-07-29 11:16:04,610 | INFO | Multi-Mode Keycap Vision Inspection System | 20260729_111604_601_traditional | output_dir：C:\Users\Jie\Projects\industrial-vision-30days\week04-industrial-project\outputs\20260729_111604_601_traditional
2026-07-29 11:16:04,610 | INFO | Multi-Mode Keycap Vision Inspection System | 20260729_111604_601_traditional | report_dir：C:\Users\Jie\Projects\industrial-vision-30days\week04-industrial-project\reports\20260729_111604_601_traditional
2026-07-29 11:16:04,615 | ERROR | Multi-Mode Keycap Vision Inspection System | 20260729_111604_601_traditional | 程序结束 | exit_code=35 | exit_name=NO_IMAGE_AVAILABLE
2026-07-29 11:16:04,618 | INFO | Multi-Mode Keycap Vision Inspection System | 20260729_111604_616_traditional | 配置加载成功，系统日志初始化完毕
2026-07-29 11:16:04,618 | INFO | Multi-Mode Keycap Vision Inspection System | 20260729_111604_616_traditional | app_version：1.0.0
2026-07-29 11:16:04,618 | INFO | Multi-Mode Keycap Vision Inspection System | 20260729_111604_616_traditional | active_mode：traditional
2026-07-29 11:16:04,620 | INFO | Multi-Mode Keycap Vision Inspection System | 20260729_111604_616_traditional | mode_config_type：TraditionalConfig
2026-07-29 11:16:04,620 | INFO | Multi-Mode Keycap Vision Inspection System | 20260729_111604_616_traditional | run_id：20260729_111604_616_traditional
2026-07-29 11:16:04,620 | INFO | Multi-Mode Keycap Vision Inspection System | 20260729_111604_616_traditional | output_dir：C:\Users\Jie\Projects\industrial-vision-30days\week04-industrial-project\outputs\20260729_111604_616_traditional
2026-07-29 11:16:04,620 | INFO | Multi-Mode Keycap Vision Inspection System | 20260729_111604_616_traditional | report_dir：C:\Users\Jie\Projects\industrial-vision-30days\week04-industrial-project\reports\20260729_111604_616_traditional
2026-07-29 11:16:04,622 | ERROR | Multi-Mode Keycap Vision Inspection System | 20260729_111604_616_traditional | 程序结束 | exit_code=31 | exit_name=IMAGE_NOT_FOUND
2026-07-29 11:16:04,624 | INFO | Multi-Mode Keycap Vision Inspection System | 20260729_111604_622_traditional | 配置加载成功，系统日志初始化完毕
2026-07-29 11:16:04,624 | INFO | Multi-Mode Keycap Vision Inspection System | 20260729_111604_622_traditional | app_version：1.0.0
2026-07-29 11:16:04,624 | INFO | Multi-Mode Keycap Vision Inspection System | 20260729_111604_622_traditional | active_mode：traditional
2026-07-29 11:16:04,624 | INFO | Multi-Mode Keycap Vision Inspection System | 20260729_111604_622_traditional | mode_config_type：TraditionalConfig
2026-07-29 11:16:04,624 | INFO | Multi-Mode Keycap Vision Inspection System | 20260729_111604_622_traditional | run_id：20260729_111604_622_traditional
2026-07-29 11:16:04,624 | INFO | Multi-Mode Keycap Vision Inspection System | 20260729_111604_622_traditional | output_dir：C:\Users\Jie\Projects\industrial-vision-30days\week04-industrial-project\outputs\20260729_111604_622_traditional
2026-07-29 11:16:04,625 | INFO | Multi-Mode Keycap Vision Inspection System | 20260729_111604_622_traditional | report_dir：C:\Users\Jie\Projects\industrial-vision-30days\week04-industrial-project\reports\20260729_111604_622_traditional
2026-07-29 11:16:04,626 | ERROR | Multi-Mode Keycap Vision Inspection System | 20260729_111604_622_traditional | 程序结束 | exit_code=33 | exit_name=UNSUPPORTED_IMAGE_FORMAT
2026-07-29 11:16:04,628 | INFO | Multi-Mode Keycap Vision Inspection System | 20260729_111604_626_traditional | 配置加载成功，系统日志初始化完毕
2026-07-29 11:16:04,630 | INFO | Multi-Mode Keycap Vision Inspection System | 20260729_111604_626_traditional | app_version：1.0.0
2026-07-29 11:16:04,630 | INFO | Multi-Mode Keycap Vision Inspection System | 20260729_111604_626_traditional | active_mode：traditional
2026-07-29 11:16:04,630 | INFO | Multi-Mode Keycap Vision Inspection System | 20260729_111604_626_traditional | mode_config_type：TraditionalConfig
2026-07-29 11:16:04,630 | INFO | Multi-Mode Keycap Vision Inspection System | 20260729_111604_626_traditional | run_id：20260729_111604_626_traditional
2026-07-29 11:16:04,630 | INFO | Multi-Mode Keycap Vision Inspection System | 20260729_111604_626_traditional | output_dir：C:\Users\Jie\Projects\industrial-vision-30days\week04-industrial-project\outputs\20260729_111604_626_traditional
2026-07-29 11:16:04,630 | INFO | Multi-Mode Keycap Vision Inspection System | 20260729_111604_626_traditional | report_dir：C:\Users\Jie\Projects\industrial-vision-30days\week04-industrial-project\reports\20260729_111604_626_traditional
2026-07-29 11:16:04,632 | ERROR | Multi-Mode Keycap Vision Inspection System | 20260729_111604_626_traditional | 程序结束 | exit_code=21 | exit_name=PRODUCT_NOT_FOUND
2026-07-29 11:16:04,635 | INFO | Multi-Mode Keycap Vision Inspection System | 20260729_111604_632_traditional | 配置加载成功，系统日志初始化完毕
2026-07-29 11:16:04,636 | INFO | Multi-Mode Keycap Vision Inspection System | 20260729_111604_632_traditional | app_version：1.0.0
2026-07-29 11:16:04,636 | INFO | Multi-Mode Keycap Vision Inspection System | 20260729_111604_632_traditional | active_mode：traditional
2026-07-29 11:16:04,636 | INFO | Multi-Mode Keycap Vision Inspection System | 20260729_111604_632_traditional | mode_config_type：TraditionalConfig
2026-07-29 11:16:04,636 | INFO | Multi-Mode Keycap Vision Inspection System | 20260729_111604_632_traditional | run_id：20260729_111604_632_traditional
2026-07-29 11:16:04,636 | INFO | Multi-Mode Keycap Vision Inspection System | 20260729_111604_632_traditional | output_dir：C:\Users\Jie\Projects\industrial-vision-30days\week04-industrial-project\outputs\20260729_111604_632_traditional
2026-07-29 11:16:04,636 | INFO | Multi-Mode Keycap Vision Inspection System | 20260729_111604_632_traditional | report_dir：C:\Users\Jie\Projects\industrial-vision-30days\week04-industrial-project\reports\20260729_111604_632_traditional
2026-07-29 11:16:04,637 | ERROR | Multi-Mode Keycap Vision Inspection System | 20260729_111604_632_traditional | 程序结束 | exit_code=40 | exit_name=FEATURE_NOT_IMPLEMENTED
2026-07-29 11:35:14,029 | INFO | Multi-Mode Keycap Vision Inspection System | 20260729_113514_026_traditional | 配置加载成功，系统日志初始化完毕
2026-07-29 11:35:14,029 | INFO | Multi-Mode Keycap Vision Inspection System | 20260729_113514_026_traditional | app_version：1.0.0
2026-07-29 11:35:14,030 | INFO | Multi-Mode Keycap Vision Inspection System | 20260729_113514_026_traditional | active_mode：traditional
2026-07-29 11:35:14,030 | INFO | Multi-Mode Keycap Vision Inspection System | 20260729_113514_026_traditional | mode_config_type：TraditionalConfig
2026-07-29 11:35:14,030 | INFO | Multi-Mode Keycap Vision Inspection System | 20260729_113514_026_traditional | run_id：20260729_113514_026_traditional
2026-07-29 11:35:14,030 | INFO | Multi-Mode Keycap Vision Inspection System | 20260729_113514_026_traditional | output_dir：C:\Users\Jie\Projects\industrial-vision-30days\week04-industrial-project\outputs\20260729_113514_026_traditional
2026-07-29 11:35:14,030 | INFO | Multi-Mode Keycap Vision Inspection System | 20260729_113514_026_traditional | report_dir：C:\Users\Jie\Projects\industrial-vision-30days\week04-industrial-project\reports\20260729_113514_026_traditional
2026-07-29 11:35:14,184 | INFO | Multi-Mode Keycap Vision Inspection System | 20260729_113514_026_traditional | image_shape:(1024, 1280, 3)
2026-07-29 11:35:14,184 | INFO | Multi-Mode Keycap Vision Inspection System | 20260729_113514_026_traditional | image_id:KC_001
2026-07-29 11:35:14,185 | INFO | Multi-Mode Keycap Vision Inspection System | 20260729_113514_026_traditional | product_id:KC_001
2026-07-29 11:35:14,185 | INFO | Multi-Mode Keycap Vision Inspection System | 20260729_113514_026_traditional | batch_id:BATCH_01
2026-07-29 11:35:14,185 | INFO | Multi-Mode Keycap Vision Inspection System | 20260729_113514_026_traditional | captured_at:2026-07-28 11:28:02.975465+08:00
2026-07-29 11:35:14,185 | INFO | Multi-Mode Keycap Vision Inspection System | 20260729_113514_026_traditional | source_type:image
2026-07-29 11:35:14,185 | INFO | Multi-Mode Keycap Vision Inspection System | 20260729_113514_026_traditional | source_path:C:\Users\Jie\Projects\industrial-vision-30days\week04-industrial-project\inputs\SET_001\KC_001.png
2026-07-29 11:35:14,186 | INFO | Multi-Mode Keycap Vision Inspection System | 20260729_113514_026_traditional | metadata:{"timestamp_source": "file_mtime", "file_mtime": 1785209282.9754646, "color_space": "BGR", "shape": [1024, 1280, 3], "dtype": "uint8", "legend": "F8", "size_u": 1.0}
2026-07-29 11:35:14,186 | INFO | Multi-Mode Keycap Vision Inspection System | 20260729_113514_026_traditional | 程序结束 | exit_code=0 | exit_name=SUCCESS 
2026-07-29 11:35:14,189 | INFO | Multi-Mode Keycap Vision Inspection System | 20260729_113514_187_traditional | 配置加载成功，系统日志初始化完毕
2026-07-29 11:35:14,190 | INFO | Multi-Mode Keycap Vision Inspection System | 20260729_113514_187_traditional | app_version：1.0.0
2026-07-29 11:35:14,190 | INFO | Multi-Mode Keycap Vision Inspection System | 20260729_113514_187_traditional | active_mode：traditional
2026-07-29 11:35:14,190 | INFO | Multi-Mode Keycap Vision Inspection System | 20260729_113514_187_traditional | mode_config_type：TraditionalConfig
2026-07-29 11:35:14,191 | INFO | Multi-Mode Keycap Vision Inspection System | 20260729_113514_187_traditional | run_id：20260729_113514_187_traditional
2026-07-29 11:35:14,191 | INFO | Multi-Mode Keycap Vision Inspection System | 20260729_113514_187_traditional | output_dir：C:\Users\Jie\Projects\industrial-vision-30days\week04-industrial-project\outputs\20260729_113514_187_traditional
2026-07-29 11:35:14,191 | INFO | Multi-Mode Keycap Vision Inspection System | 20260729_113514_187_traditional | report_dir：C:\Users\Jie\Projects\industrial-vision-30days\week04-industrial-project\reports\20260729_113514_187_traditional
2026-07-29 11:35:14,193 | ERROR | Multi-Mode Keycap Vision Inspection System | 20260729_113514_187_traditional | 程序运行失败 | exit_code=31 | exit_name=IMAGE_NOT_FOUND | reason=无法读取图片: 当前路径不存在 C:\Users\Jie\Projects\industrial-vision-30days\week04-industrial-project\inputs\SET_001\NO.png
2026-07-29 11:35:14,193 | ERROR | Multi-Mode Keycap Vision Inspection System | 20260729_113514_187_traditional | 程序结束 | exit_code=31 | exit_name=IMAGE_NOT_FOUND 
2026-07-29 11:35:14,195 | INFO | Multi-Mode Keycap Vision Inspection System | 20260729_113514_193_traditional | 配置加载成功，系统日志初始化完毕
2026-07-29 11:35:14,196 | INFO | Multi-Mode Keycap Vision Inspection System | 20260729_113514_193_traditional | app_version：1.0.0
2026-07-29 11:35:14,196 | INFO | Multi-Mode Keycap Vision Inspection System | 20260729_113514_193_traditional | active_mode：traditional
2026-07-29 11:35:14,196 | INFO | Multi-Mode Keycap Vision Inspection System | 20260729_113514_193_traditional | mode_config_type：TraditionalConfig
2026-07-29 11:35:14,196 | INFO | Multi-Mode Keycap Vision Inspection System | 20260729_113514_193_traditional | run_id：20260729_113514_193_traditional
2026-07-29 11:35:14,196 | INFO | Multi-Mode Keycap Vision Inspection System | 20260729_113514_193_traditional | output_dir：C:\Users\Jie\Projects\industrial-vision-30days\week04-industrial-project\outputs\20260729_113514_193_traditional
2026-07-29 11:35:14,196 | INFO | Multi-Mode Keycap Vision Inspection System | 20260729_113514_193_traditional | report_dir：C:\Users\Jie\Projects\industrial-vision-30days\week04-industrial-project\reports\20260729_113514_193_traditional
2026-07-29 11:35:14,198 | ERROR | Multi-Mode Keycap Vision Inspection System | 20260729_113514_193_traditional | 程序运行失败 | exit_code=32 | exit_name=INPUT_NOT_FILE | reason=无法读取图片: 当前路径不是一个文件 C:\Users\Jie\Projects\industrial-vision-30days\week04-industrial-project\inputs\SET_001
2026-07-29 11:35:14,199 | ERROR | Multi-Mode Keycap Vision Inspection System | 20260729_113514_193_traditional | 程序结束 | exit_code=32 | exit_name=INPUT_NOT_FILE 
2026-07-29 11:35:14,201 | INFO | Multi-Mode Keycap Vision Inspection System | 20260729_113514_199_traditional | 配置加载成功，系统日志初始化完毕
2026-07-29 11:35:14,202 | INFO | Multi-Mode Keycap Vision Inspection System | 20260729_113514_199_traditional | app_version：1.0.0
2026-07-29 11:35:14,202 | INFO | Multi-Mode Keycap Vision Inspection System | 20260729_113514_199_traditional | active_mode：traditional
2026-07-29 11:35:14,202 | INFO | Multi-Mode Keycap Vision Inspection System | 20260729_113514_199_traditional | mode_config_type：TraditionalConfig
2026-07-29 11:35:14,202 | INFO | Multi-Mode Keycap Vision Inspection System | 20260729_113514_199_traditional | run_id：20260729_113514_199_traditional
2026-07-29 11:35:14,202 | INFO | Multi-Mode Keycap Vision Inspection System | 20260729_113514_199_traditional | output_dir：C:\Users\Jie\Projects\industrial-vision-30days\week04-industrial-project\outputs\20260729_113514_199_traditional
2026-07-29 11:35:14,202 | INFO | Multi-Mode Keycap Vision Inspection System | 20260729_113514_199_traditional | report_dir：C:\Users\Jie\Projects\industrial-vision-30days\week04-industrial-project\reports\20260729_113514_199_traditional
2026-07-29 11:35:14,204 | ERROR | Multi-Mode Keycap Vision Inspection System | 20260729_113514_199_traditional | 程序运行失败 | exit_code=33 | exit_name=UNSUPPORTED_IMAGE_FORMAT | reason=无法读取图片: 图片格式不支持 .md
2026-07-29 11:35:14,204 | ERROR | Multi-Mode Keycap Vision Inspection System | 20260729_113514_199_traditional | 程序结束 | exit_code=33 | exit_name=UNSUPPORTED_IMAGE_FORMAT 
2026-07-29 11:35:14,208 | INFO | Multi-Mode Keycap Vision Inspection System | 20260729_113514_205_traditional | 配置加载成功，系统日志初始化完毕
2026-07-29 11:35:14,208 | INFO | Multi-Mode Keycap Vision Inspection System | 20260729_113514_205_traditional | app_version：1.0.0
2026-07-29 11:35:14,209 | INFO | Multi-Mode Keycap Vision Inspection System | 20260729_113514_205_traditional | active_mode：traditional
2026-07-29 11:35:14,209 | INFO | Multi-Mode Keycap Vision Inspection System | 20260729_113514_205_traditional | mode_config_type：TraditionalConfig
2026-07-29 11:35:14,209 | INFO | Multi-Mode Keycap Vision Inspection System | 20260729_113514_205_traditional | run_id：20260729_113514_205_traditional
2026-07-29 11:35:14,209 | INFO | Multi-Mode Keycap Vision Inspection System | 20260729_113514_205_traditional | output_dir：C:\Users\Jie\Projects\industrial-vision-30days\week04-industrial-project\outputs\20260729_113514_205_traditional
2026-07-29 11:35:14,209 | INFO | Multi-Mode Keycap Vision Inspection System | 20260729_113514_205_traditional | report_dir：C:\Users\Jie\Projects\industrial-vision-30days\week04-industrial-project\reports\20260729_113514_205_traditional
2026-07-29 11:35:14,211 | ERROR | Multi-Mode Keycap Vision Inspection System | 20260729_113514_205_traditional | 程序运行失败 | exit_code=21 | exit_name=PRODUCT_NOT_FOUND | reason=无法寻找到标识为 NO_PRODUCT 的产品
2026-07-29 11:35:14,211 | ERROR | Multi-Mode Keycap Vision Inspection System | 20260729_113514_205_traditional | 程序结束 | exit_code=21 | exit_name=PRODUCT_NOT_FOUND 
2026-07-29 11:35:14,214 | INFO | Multi-Mode Keycap Vision Inspection System | 20260729_113514_212_traditional | 配置加载成功，系统日志初始化完毕
2026-07-29 11:35:14,214 | INFO | Multi-Mode Keycap Vision Inspection System | 20260729_113514_212_traditional | app_version：1.0.0
2026-07-29 11:35:14,215 | INFO | Multi-Mode Keycap Vision Inspection System | 20260729_113514_212_traditional | active_mode：traditional
2026-07-29 11:35:14,215 | INFO | Multi-Mode Keycap Vision Inspection System | 20260729_113514_212_traditional | mode_config_type：TraditionalConfig
2026-07-29 11:35:14,215 | INFO | Multi-Mode Keycap Vision Inspection System | 20260729_113514_212_traditional | run_id：20260729_113514_212_traditional
2026-07-29 11:35:14,215 | INFO | Multi-Mode Keycap Vision Inspection System | 20260729_113514_212_traditional | output_dir：C:\Users\Jie\Projects\industrial-vision-30days\week04-industrial-project\outputs\20260729_113514_212_traditional
2026-07-29 11:35:14,215 | INFO | Multi-Mode Keycap Vision Inspection System | 20260729_113514_212_traditional | report_dir：C:\Users\Jie\Projects\industrial-vision-30days\week04-industrial-project\reports\20260729_113514_212_traditional
2026-07-29 11:35:14,216 | ERROR | Multi-Mode Keycap Vision Inspection System | 20260729_113514_212_traditional | 程序运行失败 | exit_code=99 | exit_name=UNEXPECTED_ERROR | reason=FileNotFoundError
Traceback (most recent call last):
  File "C:\Users\Jie\Projects\industrial-vision-30days\week04-industrial-project\main.py", line 33, in main
    exit_code = application.run()
                ^^^^^^^^^^^^^^^^^
  File "C:\Users\Jie\Projects\industrial-vision-30days\week04-industrial-project\application.py", line 27, in run
    catalog = load_keycap_catalog(self.config.main_config.input.catalog_path)
              ^^^^^^^^^^^^^^^^^^^^^^^^^^^^^^^^^^^^^^^^^^^^^^^^^^^^^^^^^^^^^^^
  File "C:\Users\Jie\Projects\industrial-vision-30days\week04-industrial-project\core\catalog.py", line 68, in load_keycap_catalog
    catalog_config = load_yaml(catalog_path)
                     ^^^^^^^^^^^^^^^^^^^^^^^
  File "C:\Users\Jie\Projects\industrial-vision-30days\week04-industrial-project\core\config.py", line 21, in load_yaml
    raise FileNotFoundError(f"读取YAML配置失败，配置文件不存在{config_path}")
FileNotFoundError: 读取YAML配置失败，配置文件不存在C:\Users\Jie\Projects\industrial-vision-30days\week04-industrial-project\data\catalogs\NO.yaml
2026-07-29 11:35:14,218 | ERROR | Multi-Mode Keycap Vision Inspection System | 20260729_113514_212_traditional | 程序结束 | exit_code=99 | exit_name=UNEXPECTED_ERROR 
2026-07-29 11:35:14,222 | INFO | Multi-Mode Keycap Vision Inspection System | 20260729_113514_219_traditional | 配置加载成功，系统日志初始化完毕
2026-07-29 11:35:14,222 | INFO | Multi-Mode Keycap Vision Inspection System | 20260729_113514_219_traditional | app_version：1.0.0
2026-07-29 11:35:14,222 | INFO | Multi-Mode Keycap Vision Inspection System | 20260729_113514_219_traditional | active_mode：traditional
2026-07-29 11:35:14,222 | INFO | Multi-Mode Keycap Vision Inspection System | 20260729_113514_219_traditional | mode_config_type：TraditionalConfig
2026-07-29 11:35:14,222 | INFO | Multi-Mode Keycap Vision Inspection System | 20260729_113514_219_traditional | run_id：20260729_113514_219_traditional
2026-07-29 11:35:14,222 | INFO | Multi-Mode Keycap Vision Inspection System | 20260729_113514_219_traditional | output_dir：C:\Users\Jie\Projects\industrial-vision-30days\week04-industrial-project\outputs\20260729_113514_219_traditional
2026-07-29 11:35:14,222 | INFO | Multi-Mode Keycap Vision Inspection System | 20260729_113514_219_traditional | report_dir：C:\Users\Jie\Projects\industrial-vision-30days\week04-industrial-project\reports\20260729_113514_219_traditional
2026-07-29 11:35:14,223 | ERROR | Multi-Mode Keycap Vision Inspection System | 20260729_113514_219_traditional | 程序运行失败 | exit_code=40 | exit_name=FEATURE_NOT_IMPLEMENTED | reason=directory功能尚未实现
2026-07-29 11:35:14,224 | ERROR | Multi-Mode Keycap Vision Inspection System | 20260729_113514_219_traditional | 程序结束 | exit_code=40 | exit_name=FEATURE_NOT_IMPLEMENTED 
2026-07-29 11:42:01,637 | INFO | Multi-Mode Keycap Vision Inspection System | 20260729_114201_632_traditional | 配置加载成功，系统日志初始化完毕
2026-07-29 11:42:01,637 | INFO | Multi-Mode Keycap Vision Inspection System | 20260729_114201_632_traditional | app_version：1.0.0
2026-07-29 11:42:01,637 | INFO | Multi-Mode Keycap Vision Inspection System | 20260729_114201_632_traditional | active_mode：traditional
2026-07-29 11:42:01,637 | INFO | Multi-Mode Keycap Vision Inspection System | 20260729_114201_632_traditional | mode_config_type：TraditionalConfig
2026-07-29 11:42:01,637 | INFO | Multi-Mode Keycap Vision Inspection System | 20260729_114201_632_traditional | run_id：20260729_114201_632_traditional
2026-07-29 11:42:01,637 | INFO | Multi-Mode Keycap Vision Inspection System | 20260729_114201_632_traditional | output_dir：C:\Users\Jie\Projects\industrial-vision-30days\week04-industrial-project\outputs\20260729_114201_632_traditional
2026-07-29 11:42:01,637 | INFO | Multi-Mode Keycap Vision Inspection System | 20260729_114201_632_traditional | report_dir：C:\Users\Jie\Projects\industrial-vision-30days\week04-industrial-project\reports\20260729_114201_632_traditional
2026-07-29 11:42:24,487 | INFO | Multi-Mode Keycap Vision Inspection System | 20260729_114224_485_traditional | 配置加载成功，系统日志初始化完毕
2026-07-29 11:42:24,487 | INFO | Multi-Mode Keycap Vision Inspection System | 20260729_114224_485_traditional | app_version：1.0.0
2026-07-29 11:42:24,489 | INFO | Multi-Mode Keycap Vision Inspection System | 20260729_114224_485_traditional | active_mode：traditional
2026-07-29 11:42:24,489 | INFO | Multi-Mode Keycap Vision Inspection System | 20260729_114224_485_traditional | mode_config_type：TraditionalConfig
2026-07-29 11:42:24,489 | INFO | Multi-Mode Keycap Vision Inspection System | 20260729_114224_485_traditional | run_id：20260729_114224_485_traditional
2026-07-29 11:42:24,489 | INFO | Multi-Mode Keycap Vision Inspection System | 20260729_114224_485_traditional | output_dir：C:\Users\Jie\Projects\industrial-vision-30days\week04-industrial-project\outputs\20260729_114224_485_traditional
2026-07-29 11:42:24,489 | INFO | Multi-Mode Keycap Vision Inspection System | 20260729_114224_485_traditional | report_dir：C:\Users\Jie\Projects\industrial-vision-30days\week04-industrial-project\reports\20260729_114224_485_traditional
2026-07-29 11:42:24,652 | INFO | Multi-Mode Keycap Vision Inspection System | 20260729_114224_485_traditional | image_shape:(1024, 1280, 3)
2026-07-29 11:42:24,652 | INFO | Multi-Mode Keycap Vision Inspection System | 20260729_114224_485_traditional | image_id:KC_001
2026-07-29 11:42:24,652 | INFO | Multi-Mode Keycap Vision Inspection System | 20260729_114224_485_traditional | product_id:KC_001
2026-07-29 11:42:24,652 | INFO | Multi-Mode Keycap Vision Inspection System | 20260729_114224_485_traditional | batch_id:BATCH_01
2026-07-29 11:42:24,653 | INFO | Multi-Mode Keycap Vision Inspection System | 20260729_114224_485_traditional | captured_at:2026-07-28 11:28:02.975465+08:00
2026-07-29 11:42:24,653 | INFO | Multi-Mode Keycap Vision Inspection System | 20260729_114224_485_traditional | source_type:image
2026-07-29 11:42:24,653 | INFO | Multi-Mode Keycap Vision Inspection System | 20260729_114224_485_traditional | source_path:C:\Users\Jie\Projects\industrial-vision-30days\week04-industrial-project\inputs\SET_001\KC_001.png
2026-07-29 11:42:24,653 | INFO | Multi-Mode Keycap Vision Inspection System | 20260729_114224_485_traditional | metadata:{"timestamp_source": "file_mtime", "file_mtime": 1785209282.9754646, "color_space": "BGR", "shape": [1024, 1280, 3], "dtype": "uint8", "legend": "F8", "size_u": 1.0}
2026-07-29 11:42:24,654 | INFO | Multi-Mode Keycap Vision Inspection System | 20260729_114224_485_traditional | 程序结束 | exit_code=0 | exit_name=SUCCESS 
2026-07-29 11:42:24,657 | INFO | Multi-Mode Keycap Vision Inspection System | 20260729_114224_654_traditional | 配置加载成功，系统日志初始化完毕
2026-07-29 11:42:24,657 | INFO | Multi-Mode Keycap Vision Inspection System | 20260729_114224_654_traditional | app_version：1.0.0
2026-07-29 11:42:24,658 | INFO | Multi-Mode Keycap Vision Inspection System | 20260729_114224_654_traditional | active_mode：traditional
2026-07-29 11:42:24,658 | INFO | Multi-Mode Keycap Vision Inspection System | 20260729_114224_654_traditional | mode_config_type：TraditionalConfig
2026-07-29 11:42:24,658 | INFO | Multi-Mode Keycap Vision Inspection System | 20260729_114224_654_traditional | run_id：20260729_114224_654_traditional
2026-07-29 11:42:24,658 | INFO | Multi-Mode Keycap Vision Inspection System | 20260729_114224_654_traditional | output_dir：C:\Users\Jie\Projects\industrial-vision-30days\week04-industrial-project\outputs\20260729_114224_654_traditional
2026-07-29 11:42:24,658 | INFO | Multi-Mode Keycap Vision Inspection System | 20260729_114224_654_traditional | report_dir：C:\Users\Jie\Projects\industrial-vision-30days\week04-industrial-project\reports\20260729_114224_654_traditional
2026-07-29 11:42:24,660 | ERROR | Multi-Mode Keycap Vision Inspection System | 20260729_114224_654_traditional | 程序运行失败 | exit_code=31 | exit_name=IMAGE_NOT_FOUND | reason=无法读取图片: 当前路径不存在 C:\Users\Jie\Projects\industrial-vision-30days\week04-industrial-project\inputs\SET_001\NO.png
2026-07-29 11:42:24,661 | ERROR | Multi-Mode Keycap Vision Inspection System | 20260729_114224_654_traditional | 程序结束 | exit_code=31 | exit_name=IMAGE_NOT_FOUND 
2026-07-29 11:42:24,664 | INFO | Multi-Mode Keycap Vision Inspection System | 20260729_114224_661_traditional | 配置加载成功，系统日志初始化完毕
2026-07-29 11:42:24,665 | INFO | Multi-Mode Keycap Vision Inspection System | 20260729_114224_661_traditional | app_version：1.0.0
2026-07-29 11:42:24,665 | INFO | Multi-Mode Keycap Vision Inspection System | 20260729_114224_661_traditional | active_mode：traditional
2026-07-29 11:42:24,665 | INFO | Multi-Mode Keycap Vision Inspection System | 20260729_114224_661_traditional | mode_config_type：TraditionalConfig
2026-07-29 11:42:24,665 | INFO | Multi-Mode Keycap Vision Inspection System | 20260729_114224_661_traditional | run_id：20260729_114224_661_traditional
2026-07-29 11:42:24,665 | INFO | Multi-Mode Keycap Vision Inspection System | 20260729_114224_661_traditional | output_dir：C:\Users\Jie\Projects\industrial-vision-30days\week04-industrial-project\outputs\20260729_114224_661_traditional
2026-07-29 11:42:24,665 | INFO | Multi-Mode Keycap Vision Inspection System | 20260729_114224_661_traditional | report_dir：C:\Users\Jie\Projects\industrial-vision-30days\week04-industrial-project\reports\20260729_114224_661_traditional
2026-07-29 11:42:24,666 | ERROR | Multi-Mode Keycap Vision Inspection System | 20260729_114224_661_traditional | 程序运行失败 | exit_code=32 | exit_name=INPUT_NOT_FILE | reason=无法读取图片: 当前路径不是一个文件 C:\Users\Jie\Projects\industrial-vision-30days\week04-industrial-project\inputs\SET_001
2026-07-29 11:42:24,666 | ERROR | Multi-Mode Keycap Vision Inspection System | 20260729_114224_661_traditional | 程序结束 | exit_code=32 | exit_name=INPUT_NOT_FILE 
2026-07-29 11:42:24,669 | INFO | Multi-Mode Keycap Vision Inspection System | 20260729_114224_666_traditional | 配置加载成功，系统日志初始化完毕
2026-07-29 11:42:24,669 | INFO | Multi-Mode Keycap Vision Inspection System | 20260729_114224_666_traditional | app_version：1.0.0
2026-07-29 11:42:24,669 | INFO | Multi-Mode Keycap Vision Inspection System | 20260729_114224_666_traditional | active_mode：traditional
2026-07-29 11:42:24,669 | INFO | Multi-Mode Keycap Vision Inspection System | 20260729_114224_666_traditional | mode_config_type：TraditionalConfig
2026-07-29 11:42:24,669 | INFO | Multi-Mode Keycap Vision Inspection System | 20260729_114224_666_traditional | run_id：20260729_114224_666_traditional
2026-07-29 11:42:24,669 | INFO | Multi-Mode Keycap Vision Inspection System | 20260729_114224_666_traditional | output_dir：C:\Users\Jie\Projects\industrial-vision-30days\week04-industrial-project\outputs\20260729_114224_666_traditional
2026-07-29 11:42:24,669 | INFO | Multi-Mode Keycap Vision Inspection System | 20260729_114224_666_traditional | report_dir：C:\Users\Jie\Projects\industrial-vision-30days\week04-industrial-project\reports\20260729_114224_666_traditional
2026-07-29 11:42:24,671 | ERROR | Multi-Mode Keycap Vision Inspection System | 20260729_114224_666_traditional | 程序运行失败 | exit_code=33 | exit_name=UNSUPPORTED_IMAGE_FORMAT | reason=无法读取图片: 图片格式不支持 .md
2026-07-29 11:42:24,671 | ERROR | Multi-Mode Keycap Vision Inspection System | 20260729_114224_666_traditional | 程序结束 | exit_code=33 | exit_name=UNSUPPORTED_IMAGE_FORMAT 
2026-07-29 11:42:24,676 | INFO | Multi-Mode Keycap Vision Inspection System | 20260729_114224_671_traditional | 配置加载成功，系统日志初始化完毕
2026-07-29 11:42:24,676 | INFO | Multi-Mode Keycap Vision Inspection System | 20260729_114224_671_traditional | app_version：1.0.0
2026-07-29 11:42:24,676 | INFO | Multi-Mode Keycap Vision Inspection System | 20260729_114224_671_traditional | active_mode：traditional
2026-07-29 11:42:24,676 | INFO | Multi-Mode Keycap Vision Inspection System | 20260729_114224_671_traditional | mode_config_type：TraditionalConfig
2026-07-29 11:42:24,677 | INFO | Multi-Mode Keycap Vision Inspection System | 20260729_114224_671_traditional | run_id：20260729_114224_671_traditional
2026-07-29 11:42:24,677 | INFO | Multi-Mode Keycap Vision Inspection System | 20260729_114224_671_traditional | output_dir：C:\Users\Jie\Projects\industrial-vision-30days\week04-industrial-project\outputs\20260729_114224_671_traditional
2026-07-29 11:42:24,677 | INFO | Multi-Mode Keycap Vision Inspection System | 20260729_114224_671_traditional | report_dir：C:\Users\Jie\Projects\industrial-vision-30days\week04-industrial-project\reports\20260729_114224_671_traditional
2026-07-29 11:42:24,678 | ERROR | Multi-Mode Keycap Vision Inspection System | 20260729_114224_671_traditional | 程序运行失败 | exit_code=21 | exit_name=PRODUCT_NOT_FOUND | reason=无法寻找到标识为 NO_PRODUCT 的产品
2026-07-29 11:42:24,678 | ERROR | Multi-Mode Keycap Vision Inspection System | 20260729_114224_671_traditional | 程序结束 | exit_code=21 | exit_name=PRODUCT_NOT_FOUND 
2026-07-29 11:42:24,681 | INFO | Multi-Mode Keycap Vision Inspection System | 20260729_114224_679_traditional | 配置加载成功，系统日志初始化完毕
2026-07-29 11:42:24,682 | INFO | Multi-Mode Keycap Vision Inspection System | 20260729_114224_679_traditional | app_version：1.0.0
2026-07-29 11:42:24,682 | INFO | Multi-Mode Keycap Vision Inspection System | 20260729_114224_679_traditional | active_mode：traditional
2026-07-29 11:42:24,682 | INFO | Multi-Mode Keycap Vision Inspection System | 20260729_114224_679_traditional | mode_config_type：TraditionalConfig
2026-07-29 11:42:24,682 | INFO | Multi-Mode Keycap Vision Inspection System | 20260729_114224_679_traditional | run_id：20260729_114224_679_traditional
2026-07-29 11:42:24,682 | INFO | Multi-Mode Keycap Vision Inspection System | 20260729_114224_679_traditional | output_dir：C:\Users\Jie\Projects\industrial-vision-30days\week04-industrial-project\outputs\20260729_114224_679_traditional
2026-07-29 11:42:24,682 | INFO | Multi-Mode Keycap Vision Inspection System | 20260729_114224_679_traditional | report_dir：C:\Users\Jie\Projects\industrial-vision-30days\week04-industrial-project\reports\20260729_114224_679_traditional
2026-07-29 11:42:24,683 | ERROR | Multi-Mode Keycap Vision Inspection System | 20260729_114224_679_traditional | 程序运行失败 | exit_code=20 | exit_name=CATALOG_ERROR | reason=创建KeycapCatalog失败
2026-07-29 11:42:24,683 | ERROR | Multi-Mode Keycap Vision Inspection System | 20260729_114224_679_traditional | 程序结束 | exit_code=20 | exit_name=CATALOG_ERROR 
2026-07-29 11:42:24,686 | INFO | Multi-Mode Keycap Vision Inspection System | 20260729_114224_683_traditional | 配置加载成功，系统日志初始化完毕
2026-07-29 11:42:24,686 | INFO | Multi-Mode Keycap Vision Inspection System | 20260729_114224_683_traditional | app_version：1.0.0
2026-07-29 11:42:24,686 | INFO | Multi-Mode Keycap Vision Inspection System | 20260729_114224_683_traditional | active_mode：traditional
2026-07-29 11:42:24,686 | INFO | Multi-Mode Keycap Vision Inspection System | 20260729_114224_683_traditional | mode_config_type：TraditionalConfig
2026-07-29 11:42:24,686 | INFO | Multi-Mode Keycap Vision Inspection System | 20260729_114224_683_traditional | run_id：20260729_114224_683_traditional
2026-07-29 11:42:24,686 | INFO | Multi-Mode Keycap Vision Inspection System | 20260729_114224_683_traditional | output_dir：C:\Users\Jie\Projects\industrial-vision-30days\week04-industrial-project\outputs\20260729_114224_683_traditional
2026-07-29 11:42:24,686 | INFO | Multi-Mode Keycap Vision Inspection System | 20260729_114224_683_traditional | report_dir：C:\Users\Jie\Projects\industrial-vision-30days\week04-industrial-project\reports\20260729_114224_683_traditional
2026-07-29 11:42:24,690 | ERROR | Multi-Mode Keycap Vision Inspection System | 20260729_114224_683_traditional | 程序运行失败 | exit_code=40 | exit_name=FEATURE_NOT_IMPLEMENTED | reason=directory功能尚未实现
2026-07-29 11:42:24,691 | ERROR | Multi-Mode Keycap Vision Inspection System | 20260729_114224_683_traditional | 程序结束 | exit_code=40 | exit_name=FEATURE_NOT_IMPLEMENTED 
